Component: ARM Compiler 5.06 update 1 (build 61) Tool: armlink [4d35a8]

==============================================================================

Section Cross References

    main.o(i.is_updata_program) refers to ff.o(i.f_mount) for f_mount
    main.o(i.is_updata_program) refers to ff.o(i.f_opendir) for f_opendir
    main.o(i.is_updata_program) refers to ff.o(i.f_readdir) for f_readdir
    main.o(i.is_updata_program) refers to strcmpv7m.o(.text) for strcmp
    main.o(i.main) refers to key.o(i.key_init) for key_init
    main.o(i.main) refers to led.o(i.led_init) for led_init
    main.o(i.main) refers to key.o(i.key_on) for key_on
    main.o(i.main) refers to misc.o(i.NVIC_PriorityGroupConfig) for NVIC_PriorityGroupConfig
    main.o(i.main) refers to exti.o(i.exti0_init) for exti0_init
    main.o(i.main) refers to usart.o(i.uart3_init) for uart3_init
    main.o(i.main) refers to delay.o(i.delay_init) for delay_init
    main.o(i.main) refers to sd.o(i.sd_init) for sd_init
    main.o(i.main) refers to main.o(i.is_updata_program) for is_updata_program
    main.o(i.main) refers to ff.o(i.f_open) for f_open
    main.o(i.main) refers to ff.o(i.f_sync) for f_sync
    main.o(i.main) refers to ff.o(i.f_read) for f_read
    main.o(i.main) refers to iap.o(i.iap_write_appbin) for iap_write_appbin
    main.o(i.main) refers to ff.o(i.f_close) for f_close
    main.o(i.main) refers to ff.o(i.f_unlink) for f_unlink
    main.o(i.main) refers to iap.o(i.iap_load_app) for iap_load_app
    main.o(i.main) refers to main.o(.bss) for buf
    system_stm32f10x.o(i.SetSysClock) refers to system_stm32f10x.o(i.SetSysClockTo24) for SetSysClockTo24
    system_stm32f10x.o(i.SystemCoreClockUpdate) refers to system_stm32f10x.o(.data) for SystemCoreClock
    system_stm32f10x.o(i.SystemInit) refers to system_stm32f10x.o(i.SetSysClock) for SetSysClock
    startup_stm32f10x_md_vl.o(STACK) refers (Special) to heapauxi.o(.text) for __use_two_region_memory
    startup_stm32f10x_md_vl.o(HEAP) refers (Special) to heapauxi.o(.text) for __use_two_region_memory
    startup_stm32f10x_md_vl.o(RESET) refers (Special) to heapauxi.o(.text) for __use_two_region_memory
    startup_stm32f10x_md_vl.o(RESET) refers to startup_stm32f10x_md_vl.o(STACK) for __initial_sp
    startup_stm32f10x_md_vl.o(RESET) refers to startup_stm32f10x_md_vl.o(.text) for Reset_Handler
    startup_stm32f10x_md_vl.o(RESET) refers to stm32f10x_it.o(i.NMI_Handler) for NMI_Handler
    startup_stm32f10x_md_vl.o(RESET) refers to stm32f10x_it.o(i.HardFault_Handler) for HardFault_Handler
    startup_stm32f10x_md_vl.o(RESET) refers to stm32f10x_it.o(i.MemManage_Handler) for MemManage_Handler
    startup_stm32f10x_md_vl.o(RESET) refers to stm32f10x_it.o(i.BusFault_Handler) for BusFault_Handler
    startup_stm32f10x_md_vl.o(RESET) refers to stm32f10x_it.o(i.UsageFault_Handler) for UsageFault_Handler
    startup_stm32f10x_md_vl.o(RESET) refers to stm32f10x_it.o(i.SVC_Handler) for SVC_Handler
    startup_stm32f10x_md_vl.o(RESET) refers to stm32f10x_it.o(i.DebugMon_Handler) for DebugMon_Handler
    startup_stm32f10x_md_vl.o(RESET) refers to stm32f10x_it.o(i.PendSV_Handler) for PendSV_Handler
    startup_stm32f10x_md_vl.o(RESET) refers to stm32f10x_it.o(i.SysTick_Handler) for SysTick_Handler
    startup_stm32f10x_md_vl.o(RESET) refers to exti.o(i.EXTI0_IRQHandler) for EXTI0_IRQHandler
    startup_stm32f10x_md_vl.o(RESET) refers to usart.o(i.USART1_IRQHandler) for USART1_IRQHandler
    startup_stm32f10x_md_vl.o(RESET) refers to usart.o(i.USART2_IRQHandler) for USART2_IRQHandler
    startup_stm32f10x_md_vl.o(RESET) refers to usart.o(i.USART3_IRQHandler) for USART3_IRQHandler
    startup_stm32f10x_md_vl.o(.text) refers (Special) to heapauxi.o(.text) for __use_two_region_memory
    startup_stm32f10x_md_vl.o(.text) refers to system_stm32f10x.o(i.SystemInit) for SystemInit
    startup_stm32f10x_md_vl.o(.text) refers to __main.o(!!!main) for __main
    startup_stm32f10x_md_vl.o(.text) refers to startup_stm32f10x_md_vl.o(HEAP) for Heap_Mem
    startup_stm32f10x_md_vl.o(.text) refers to startup_stm32f10x_md_vl.o(STACK) for Stack_Mem
    delay.o(i.delay_init) refers to misc.o(i.SysTick_CLKSourceConfig) for SysTick_CLKSourceConfig
    delay.o(i.delay_init) refers to system_stm32f10x.o(.data) for SystemCoreClock
    delay.o(i.delay_init) refers to delay.o(.data) for fac_us
    delay.o(i.delay_ms) refers to delay.o(.data) for fac_ms
    delay.o(i.delay_us) refers to delay.o(.data) for fac_us
    usart.o(i.Clear_Buffer2) refers (Special) to use_no_semi_2.o(.text) for __use_no_semihosting
    usart.o(i.Clear_Buffer2) refers to usart.o(i.Uart1_SendStr) for Uart1_SendStr
    usart.o(i.Clear_Buffer2) refers to usart.o(.bss) for RxBuffer2
    usart.o(i.Clear_Buffer2) refers to usart.o(.data) for RxCounter2
    usart.o(i.Clear_Buffer3) refers (Special) to use_no_semi_2.o(.text) for __use_no_semihosting
    usart.o(i.Clear_Buffer3) refers to usart.o(.bss) for RxBuffer3
[...]
    Removing stm32f10x_wwdg.o(i.WWDG_DeInit), (22 bytes).
    Removing stm32f10x_wwdg.o(i.WWDG_Enable), (16 bytes).
    Removing stm32f10x_wwdg.o(i.WWDG_EnableIT), (12 bytes).
    Removing stm32f10x_wwdg.o(i.WWDG_GetFlagStatus), (12 bytes).
    Removing stm32f10x_wwdg.o(i.WWDG_SetCounter), (16 bytes).
    Removing stm32f10x_wwdg.o(i.WWDG_SetPrescaler), (24 bytes).
    Removing stm32f10x_wwdg.o(i.WWDG_SetWindowValue), (40 bytes).
    Removing ff.o(i.f_chmod), (84 bytes).
    Removing ff.o(i.f_closedir), (22 bytes).
    Removing ff.o(i.f_getfree), (258 bytes).
    Removing ff.o(i.f_getlabel), (190 bytes).
    Removing ff.o(i.f_gets), (82 bytes).
    Removing ff.o(i.f_lseek), (654 bytes).
    Removing ff.o(i.f_mkdir), (352 bytes).
    Removing ff.o(i.f_mkfs), (1608 bytes).
    Removing ff.o(i.f_printf), (628 bytes).
    Removing ff.o(i.f_putc), (64 bytes).
    Removing ff.o(i.f_puts), (74 bytes).
    Removing ff.o(i.f_rename), (258 bytes).
    Removing ff.o(i.f_setlabel), (476 bytes).
    Removing ff.o(i.f_stat), (60 bytes).
    Removing ff.o(i.f_truncate), (184 bytes).
    Removing ff.o(i.f_utime), (86 bytes).
    Removing ff.o(i.f_write), (490 bytes).
    Removing ff.o(i.putc_bfd), (68 bytes).
    Removing ff.o(.constdata), (44 bytes).
    Removing sd.o(i.sd_getCID), (40 bytes).

483 unused section(s) (total 24110 bytes) removed from the image.

==============================================================================

Image Symbol Table

    Local Symbols

    Symbol Name                              Value     Ov Type        Size  Object(Section)

    ../clib/angel/boardlib.s                 0x00000000   Number         0  boardinit1.o ABSOLUTE
    ../clib/angel/boardlib.s                 0x00000000   Number         0  boardinit2.o ABSOLUTE
    ../clib/angel/boardlib.s                 0x00000000   Number         0  boardinit3.o ABSOLUTE
    ../clib/angel/boardlib.s                 0x00000000   Number         0  boardshut.o ABSOLUTE
    ../clib/angel/handlers.s                 0x00000000   Number         0  __scatter_copy.o ABSOLUTE
    ../clib/angel/handlers.s                 0x00000000   Number         0  __scatter_zi.o ABSOLUTE
    ../clib/angel/kernel.s                   0x00000000   Number         0  __rtentry.o ABSOLUTE
    ../clib/angel/kernel.s                   0x00000000   Number         0  __rtentry4.o ABSOLUTE
    ../clib/angel/kernel.s                   0x00000000   Number         0  __rtentry2.o ABSOLUTE
    ../clib/angel/kernel.s                   0x00000000   Number         0  rtexit.o ABSOLUTE
    ../clib/angel/kernel.s                   0x00000000   Number         0  rtexit2.o ABSOLUTE
    ../clib/angel/rt.s                       0x00000000   Number         0  rt_raise.o ABSOLUTE
    ../clib/angel/rt.s                       0x00000000   Number         0  rt_ctype_table.o ABSOLUTE
    ../clib/angel/rt.s                       0x00000000   Number         0  rt_locale.o ABSOLUTE
    ../clib/angel/rt.s                       0x00000000   Number         0  rt_locale_intlibspace.o ABSOLUTE
    ../clib/angel/scatter.s                  0x00000000   Number         0  __scatter.o ABSOLUTE
    ../clib/angel/startup.s                  0x00000000   Number         0  __main.o ABSOLUTE
    ../clib/angel/sys.s                      0x00000000   Number         0  use_no_semi.o ABSOLUTE
    ../clib/angel/sys.s                      0x00000000   Number         0  libspace.o ABSOLUTE
    ../clib/angel/sys.s                      0x00000000   Number         0  indicate_semi.o ABSOLUTE
    ../clib/angel/sys.s                      0x00000000   Number         0  use_no_semi_2.o ABSOLUTE
    ../clib/angel/sys.s                      0x00000000   Number         0  sys_stackheap_outer.o ABSOLUTE
    ../clib/angel/sysapp.c                   0x00000000   Number         0  sys_command.o ABSOLUTE
    ../clib/angel/sysapp.c                   0x00000000   Number         0  sys_wrch.o ABSOLUTE
    ../clib/armsys.c                         0x00000000   Number         0  argv_veneer.o ABSOLUTE
    ../clib/armsys.c                         0x00000000   Number         0  argv_veneer.o ABSOLUTE
    ../clib/armsys.c                         0x00000000   Number         0  _get_argv_nomalloc.o ABSOLUTE
    ../clib/armsys.c                         0x00000000   Number         0  no_argv.o ABSOLUTE
    ../clib/bigflt.c                         0x00000000   Number         0  bigflt0.o ABSOLUTE
    ../clib/btod.s                           0x00000000   Number         0  btod.o ABSOLUTE
    ../clib/heapalloc.c                      0x00000000   Number         0  hrguard.o ABSOLUTE
    ../clib/heapaux.c                        0x00000000   Number         0  heapauxi.o ABSOLUTE
    ../clib/libinit.s                        0x00000000   Number         0  libshutdown.o ABSOLUTE
    ../clib/libinit.s                        0x00000000   Number         0  libshutdown2.o ABSOLUTE
    ../clib/libinit.s                        0x00000000   Number         0  libinit2.o ABSOLUTE
    ../clib/libinit.s                        0x00000000   Number         0  libinit.o ABSOLUTE
    ../clib/locale.c                         0x00000000   Number         0  _wcrtomb.o ABSOLUTE
    ../clib/locale.s                         0x00000000   Number         0  lc_ctype_c.o ABSOLUTE
    ../clib/locale.s                         0x00000000   Number         0  lc_numeric_c.o ABSOLUTE
    ../clib/longlong.s                       0x00000000   Number         0  lludiv10.o ABSOLUTE
    ../clib/memcpset.s                       0x00000000   Number         0  strcmpv7m.o ABSOLUTE
    ../clib/misc.s                           0x00000000   Number         0  printf_stubs.o ABSOLUTE
    ../clib/printf.c                         0x00000000   Number         0  _printf_longlong_dec.o ABSOLUTE
    ../clib/printf.c                         0x00000000   Number         0  __printf.o ABSOLUTE
    ../clib/printf.c                         0x00000000   Number         0  _printf_oct_ll.o ABSOLUTE
    ../clib/printf.c                         0x00000000   Number         0  _printf_intcommon.o ABSOLUTE
    ../clib/printf.c                         0x00000000   Number         0  _printf_oct_int.o ABSOLUTE
    ../clib/printf.c                         0x00000000   Number         0  _printf_oct_int_ll.o ABSOLUTE
    ../clib/printf.c                         0x00000000   Number         0  c89vsprintf.o ABSOLUTE
    ../clib/printf.c                         0x00000000   Number         0  _printf_hex_ll.o ABSOLUTE
    ../clib/printf.c                         0x00000000   Number         0  _printf_hex_int.o ABSOLUTE
    ../clib/printf.c                         0x00000000   Number         0  _printf_hex_int_ll.o ABSOLUTE
    ../clib/printf.c                         0x00000000   Number         0  _printf_char_common.o ABSOLUTE
    ../clib/printf.c                         0x00000000   Number         0  _printf_hex_int_ptr.o ABSOLUTE
    ../clib/printf.c                         0x00000000   Number         0  _printf_hex_ll_ptr.o ABSOLUTE
    ../clib/printf.c                         0x00000000   Number         0  _printf_hex_int_ll_ptr.o ABSOLUTE
    ../clib/printf.c                         0x00000000   Number         0  __printf_flags.o ABSOLUTE
    ../clib/printf.c                         0x00000000   Number         0  __printf_ss.o ABSOLUTE
    ../clib/printf.c                         0x00000000   Number         0  __printf_flags_ss.o ABSOLUTE
    ../clib/printf.c                         0x00000000   Number         0  __printf_wp.o ABSOLUTE
    ../clib/printf.c                         0x00000000   Number         0  __printf_flags_wp.o ABSOLUTE
    ../clib/printf.c                         0x00000000   Number         0  __printf_ss_wp.o ABSOLUTE
    ../clib/printf.c                         0x00000000   Number         0  __printf_flags_ss_wp.o ABSOLUTE
    ../clib/printf.c                         0x00000000   Number         0  _printf_pad.o ABSOLUTE
    ../clib/printf.c                         0x00000000   Number         0  _printf_truncate.o ABSOLUTE
    ../clib/printf.c                         0x00000000   Number         0  _printf_str.o ABSOLUTE
    ../clib/printf.c                         0x00000000   Number         0  _printf_dec.o ABSOLUTE
    ../clib/printf.c                         0x00000000   Number         0  _printf_charcount.o ABSOLUTE
    ../clib/printf.c                         0x00000000   Number         0  _printf_char.o ABSOLUTE
    ../clib/printf.c                         0x00000000   Number         0  _printf_hex_ptr.o ABSOLUTE
    ../clib/printf.c                         0x00000000   Number         0  __printf_nopercent.o ABSOLUTE
    ../clib/printf.c                         0x00000000   Number         0  _printf_fp_dec.o ABSOLUTE
    ../clib/printf.c                         0x00000000   Number         0  _printf_wchar.o ABSOLUTE
    ../clib/printf.c                         0x00000000   Number         0  _sputc.o ABSOLUTE
    ../clib/printf.c                         0x00000000   Number         0  _printf_fp_infnan.o ABSOLUTE
    ../clib/printf.c                         0x00000000   Number         0  _printf_wctomb.o ABSOLUTE
    ../clib/printf_percent.s                 0x00000000   Number         0  _printf_lc.o ABSOLUTE
    ../clib/printf_percent.s                 0x00000000   Number         0  _printf_ls.o ABSOLUTE
    ../clib/printf_percent.s                 0x00000000   Number         0  _printf_llo.o ABSOLUTE
    ../clib/printf_percent.s                 0x00000000   Number         0  _printf_ll.o ABSOLUTE
    ../clib/printf_percent.s                 0x00000000   Number         0  _printf_llx.o ABSOLUTE
    ../clib/printf_percent.s                 0x00000000   Number         0  _printf_llu.o ABSOLUTE
    ../clib/printf_percent.s                 0x00000000   Number         0  _printf_i.o ABSOLUTE
    ../clib/printf_percent.s                 0x00000000   Number         0  _printf_l.o ABSOLUTE
    ../clib/printf_percent.s                 0x00000000   Number         0  _printf_lld.o ABSOLUTE
    ../clib/printf_percent.s                 0x00000000   Number         0  _printf_lli.o ABSOLUTE
    ../clib/printf_percent.s                 0x00000000   Number         0  _printf_percent.o ABSOLUTE
    ../clib/printf_percent.s                 0x00000000   Number         0  _printf_a.o ABSOLUTE
    ../clib/printf_percent.s                 0x00000000   Number         0  _printf_percent_end.o ABSOLUTE
    ../clib/printf_percent.s                 0x00000000   Number         0  _printf_c.o ABSOLUTE
    ../clib/printf_percent.s                 0x00000000   Number         0  _printf_s.o ABSOLUTE
    ../clib/printf_percent.s                 0x00000000   Number         0  _printf_g.o ABSOLUTE
    ../clib/printf_percent.s                 0x00000000   Number         0  _printf_n.o ABSOLUTE
    ../clib/printf_percent.s                 0x00000000   Number         0  _printf_x.o ABSOLUTE
    ../clib/printf_percent.s                 0x00000000   Number         0  _printf_e.o ABSOLUTE
    ../clib/printf_percent.s                 0x00000000   Number         0  _printf_f.o ABSOLUTE
    ../clib/printf_percent.s                 0x00000000   Number         0  _printf_p.o ABSOLUTE
    ../clib/printf_percent.s                 0x00000000   Number         0  _printf_u.o ABSOLUTE
    ../clib/printf_percent.s                 0x00000000   Number         0  _printf_d.o ABSOLUTE
    ../clib/printf_percent.s                 0x00000000   Number         0  _printf_o.o ABSOLUTE
    ../clib/signal.c                         0x00000000   Number         0  defsig_general.o ABSOLUTE
    ../clib/signal.c                         0x00000000   Number         0  defsig_pvfn_inner.o ABSOLUTE
    ../clib/signal.c                         0x00000000   Number         0  defsig_stak_inner.o ABSOLUTE
    ../clib/signal.c                         0x00000000   Number         0  defsig_rtred_inner.o ABSOLUTE
    ../clib/signal.c                         0x00000000   Number         0  defsig_fpe_inner.o ABSOLUTE
    ../clib/signal.c                         0x00000000   Number         0  defsig_abrt_inner.o ABSOLUTE
    ../clib/signal.c                         0x00000000   Number         0  defsig_rtmem_outer.o ABSOLUTE
    ../clib/signal.c                         0x00000000   Number         0  defsig_rtmem_formal.o ABSOLUTE
    ../clib/signal.c                         0x00000000   Number         0  __raise.o ABSOLUTE
    ../clib/signal.c                         0x00000000   Number         0  defsig_rtmem_inner.o ABSOLUTE
    ../clib/signal.c                         0x00000000   Number         0  defsig_exit.o ABSOLUTE
    ../clib/signal.c                         0x00000000   Number         0  defsig_cppl_inner.o ABSOLUTE
    ../clib/signal.c                         0x00000000   Number         0  defsig_segv_inner.o ABSOLUTE
    ../clib/signal.c                         0x00000000   Number         0  defsig_other.o ABSOLUTE
    ../clib/signal.s                         0x00000000   Number         0  defsig.o ABSOLUTE
    ../clib/stdlib.c                         0x00000000   Number         0  exit.o ABSOLUTE
    ../clib/string.c                         0x00000000   Number         0  strlen.o ABSOLUTE
    ../fplib/fpinit.s                        0x00000000   Number         0  fpinit.o ABSOLUTE
    ../fplib/istatus.s                       0x00000000   Number         0  istatus.o ABSOLUTE
    ../fplib/printf1.s                       0x00000000   Number         0  printf1.o ABSOLUTE
    ../fplib/usenofp.s                       0x00000000   Number         0  usenofp.o ABSOLUTE
    ../mathlib/fpclassify.c                  0x00000000   Number         0  fpclassify.o ABSOLUTE
    ..\CORE\core_cm3.c                       0x00000000   Number         0  core_cm3.o ABSOLUTE
    ..\CORE\startup_stm32f10x_md_vl.s        0x00000000   Number         0  startup_stm32f10x_md_vl.o ABSOLUTE
    ..\FWLIB\src\misc.c                      0x00000000   Number         0  misc.o ABSOLUTE
    ..\FWLIB\src\stm32f10x_adc.c             0x00000000   Number         0  stm32f10x_adc.o ABSOLUTE
    ..\FWLIB\src\stm32f10x_bkp.c             0x00000000   Number         0  stm32f10x_bkp.o ABSOLUTE
    ..\FWLIB\src\stm32f10x_can.c             0x00000000   Number         0  stm32f10x_can.o ABSOLUTE
    ..\FWLIB\src\stm32f10x_cec.c             0x00000000   Number         0  stm32f10x_cec.o ABSOLUTE
    ..\FWLIB\src\stm32f10x_crc.c             0x00000000   Number         0  stm32f10x_crc.o ABSOLUTE
    ..\FWLIB\src\stm32f10x_dac.c             0x00000000   Number         0  stm32f10x_dac.o ABSOLUTE
    ..\FWLIB\src\stm32f10x_dbgmcu.c          0x00000000   Number         0  stm32f10x_dbgmcu.o ABSOLUTE
    ..\FWLIB\src\stm32f10x_dma.c             0x00000000   Number         0  stm32f10x_dma.o ABSOLUTE
    ..\FWLIB\src\stm32f10x_exti.c            0x00000000   Number         0  stm32f10x_exti.o ABSOLUTE
    ..\FWLIB\src\stm32f10x_flash.c           0x00000000   Number         0  stm32f10x_flash.o ABSOLUTE
    ..\FWLIB\src\stm32f10x_fsmc.c            0x00000000   Number         0  stm32f10x_fsmc.o ABSOLUTE
    ..\FWLIB\src\stm32f10x_gpio.c            0x00000000   Number         0  stm32f10x_gpio.o ABSOLUTE
    ..\FWLIB\src\stm32f10x_i2c.c             0x00000000   Number         0  stm32f10x_i2c.o ABSOLUTE
    ..\FWLIB\src\stm32f10x_iwdg.c            0x00000000   Number         0  stm32f10x_iwdg.o ABSOLUTE
    ..\FWLIB\src\stm32f10x_pwr.c             0x00000000   Number         0  stm32f10x_pwr.o ABSOLUTE
    ..\FWLIB\src\stm32f10x_rcc.c             0x00000000   Number         0  stm32f10x_rcc.o ABSOLUTE
    ..\FWLIB\src\stm32f10x_rtc.c             0x00000000   Number         0  stm32f10x_rtc.o ABSOLUTE
    ..\FWLIB\src\stm32f10x_sdio.c            0x00000000   Number         0  stm32f10x_sdio.o ABSOLUTE
    ..\FWLIB\src\stm32f10x_spi.c             0x00000000   Number         0  stm32f10x_spi.o ABSOLUTE
    ..\FWLIB\src\stm32f10x_tim.c             0x00000000   Number         0  stm32f10x_tim.o ABSOLUTE
    ..\FWLIB\src\stm32f10x_usart.c           0x00000000   Number         0  stm32f10x_usart.o ABSOLUTE
    ..\FWLIB\src\stm32f10x_wwdg.c            0x00000000   Number         0  stm32f10x_wwdg.o ABSOLUTE
    ..\FatFs\diskio.c                        0x00000000   Number         0  diskio.o ABSOLUTE
    ..\FatFs\ff.c                            0x00000000   Number         0  ff.o ABSOLUTE
    ..\LIB\scr\exti.c                        0x00000000   Number         0  exti.o ABSOLUTE
    ..\LIB\scr\iap.c                         0x00000000   Number         0  iap.o ABSOLUTE
    ..\LIB\scr\key.c                         0x00000000   Number         0  key.o ABSOLUTE
    ..\LIB\scr\led.c                         0x00000000   Number         0  led.o ABSOLUTE
    ..\LIB\scr\spi.c                         0x00000000   Number         0  spi.o ABSOLUTE
    ..\LIB\scr\stmflash.c                    0x00000000   Number         0  stmflash.o ABSOLUTE
    ..\SYSTEM\delay.c                        0x00000000   Number         0  delay.o ABSOLUTE
    ..\SYSTEM\sys.c                          0x00000000   Number         0  sys.o ABSOLUTE
    ..\SYSTEM\usart.c                        0x00000000   Number         0  usart.o ABSOLUTE
    ..\USER\main.c                           0x00000000   Number         0  main.o ABSOLUTE
    ..\USER\stm32f10x_it.c                   0x00000000   Number         0  stm32f10x_it.o ABSOLUTE
    ..\USER\system_stm32f10x.c               0x00000000   Number         0  system_stm32f10x.o ABSOLUTE
    ..\\CORE\\core_cm3.c                     0x00000000   Number         0  core_cm3.o ABSOLUTE
    ..\\SYSTEM\\sys.c                        0x00000000   Number         0  sys.o ABSOLUTE
    ..\sd\sd.c                               0x00000000   Number         0  sd.o ABSOLUTE
    dc.s                                     0x00000000   Number         0  dc.o ABSOLUTE
    RESET                                    0x08000000   Section      288  startup_stm32f10x_md_vl.o(RESET)
    !!!main                                  0x08000120   Section        8  __main.o(!!!main)
    !!!scatter                               0x08000128   Section       52  __scatter.o(!!!scatter)
    !!handler_copy                           0x0800015c   Section       26  __scatter_copy.o(!!handler_copy)
    !!handler_zi                             0x08000178   Section       28  __scatter_zi.o(!!handler_zi)
    .ARM.Collect$$libinit$$00000000          0x08000194   Section        2  libinit.o(.ARM.Collect$$libinit$$00000000)
    .ARM.Collect$$libinit$$00000002          0x08000196   Section        0  libinit2.o(.ARM.Collect$$libinit$$00000002)
    .ARM.Collect$$libinit$$00000004          0x08000196   Section        0  libinit2.o(.ARM.Collect$$libinit$$00000004)
    .ARM.Collect$$libinit$$0000000A          0x08000196   Section        0  libinit2.o(.ARM.Collect$$libinit$$0000000A)
    .ARM.Collect$$libinit$$0000000C          0x08000196   Section        0  libinit2.o(.ARM.Collect$$libinit$$0000000C)
    .ARM.Collect$$libinit$$0000000E          0x08000196   Section        0  libinit2.o(.ARM.Collect$$libinit$$0000000E)
    .ARM.Collect$$libinit$$00000011          0x08000196   Section        0  libinit2.o(.ARM.Collect$$libinit$$00000011)
    .ARM.Collect$$libinit$$00000013          0x08000196   Section        0  libinit2.o(.ARM.Collect$$libinit$$00000013)
    .ARM.Collect$$libinit$$00000015          0x08000196   Section        0  libinit2.o(.ARM.Collect$$libinit$$00000015)
    .ARM.Collect$$libinit$$00000017          0x08000196   Section        0  libinit2.o(.ARM.Collect$$libinit$$00000017)
    .ARM.Collect$$libinit$$00000019          0x08000196   Section        0  libinit2.o(.ARM.Collect$$libinit$$00000019)
    .ARM.Collect$$libinit$$0000001B          0x08000196   Section        0  libinit2.o(.ARM.Collect$$libinit$$0000001B)
    .ARM.Collect$$libinit$$0000001D          0x08000196   Section        0  libinit2.o(.ARM.Collect$$libinit$$0000001D)
    .ARM.Collect$$libinit$$0000001F          0x08000196   Section        0  libinit2.o(.ARM.Collect$$libinit$$0000001F)
    .ARM.Collect$$libinit$$00000021          0x08000196   Section        0  libinit2.o(.ARM.Collect$$libinit$$00000021)
    .ARM.Collect$$libinit$$00000023          0x08000196   Section        0  libinit2.o(.ARM.Collect$$libinit$$00000023)
    .ARM.Collect$$libinit$$00000025          0x08000196   Section        0  libinit2.o(.ARM.Collect$$libinit$$00000025)
    .ARM.Collect$$libinit$$0000002C          0x08000196   Section        0  libinit2.o(.ARM.Collect$$libinit$$0000002C)
    .ARM.Collect$$libinit$$0000002E          0x08000196   Section        0  libinit2.o(.ARM.Collect$$libinit$$0000002E)
    .ARM.Collect$$libinit$$00000030          0x08000196   Section        0  libinit2.o(.ARM.Collect$$libinit$$00000030)
    .ARM.Collect$$libinit$$00000032          0x08000196   Section        0  libinit2.o(.ARM.Collect$$libinit$$00000032)
    .ARM.Collect$$libinit$$00000033          0x08000196   Section        2  libinit2.o(.ARM.Collect$$libinit$$00000033)
    .ARM.Collect$$libshutdown$$00000000      0x08000198   Section        2  libshutdown.o(.ARM.Collect$$libshutdown$$00000000)
    .ARM.Collect$$libshutdown$$00000002      0x0800019a   Section        0  libshutdown2.o(.ARM.Collect$$libshutdown$$00000002)
    .ARM.Collect$$libshutdown$$00000004      0x0800019a   Section        0  libshutdown2.o(.ARM.Collect$$libshutdown$$00000004)
    .ARM.Collect$$libshutdown$$00000007      0x0800019a   Section        0  libshutdown2.o(.ARM.Collect$$libshutdown$$00000007)
    .ARM.Collect$$libshutdown$$0000000A      0x0800019a   Section        0  libshutdown2.o(.ARM.Collect$$libshutdown$$0000000A)
    .ARM.Collect$$libshutdown$$0000000C      0x0800019a   Section        0  libshutdown2.o(.ARM.Collect$$libshutdown$$0000000C)
    .ARM.Collect$$libshutdown$$0000000F      0x0800019a   Section        0  libshutdown2.o(.ARM.Collect$$libshutdown$$0000000F)
    .ARM.Collect$$libshutdown$$00000010      0x0800019a   Section        2  libshutdown2.o(.ARM.Collect$$libshutdown$$00000010)
    .ARM.Collect$$rtentry$$00000000          0x0800019c   Section        0  __rtentry.o(.ARM.Collect$$rtentry$$00000000)
    .ARM.Collect$$rtentry$$00000002          0x0800019c   Section        0  __rtentry2.o(.ARM.Collect$$rtentry$$00000002)
    .ARM.Collect$$rtentry$$00000004          0x0800019c   Section        6  __rtentry4.o(.ARM.Collect$$rtentry$$00000004)
    .ARM.Collect$$rtentry$$00000009          0x080001a2   Section        0  __rtentry2.o(.ARM.Collect$$rtentry$$00000009)
    .ARM.Collect$$rtentry$$0000000A          0x080001a2   Section        4  __rtentry2.o(.ARM.Collect$$rtentry$$0000000A)
    .ARM.Collect$$rtentry$$0000000C          0x080001a6   Section        0  __rtentry2.o(.ARM.Collect$$rtentry$$0000000C)
    .ARM.Collect$$rtentry$$0000000D          0x080001a6   Section        8  __rtentry2.o(.ARM.Collect$$rtentry$$0000000D)
    .ARM.Collect$$rtexit$$00000000           0x080001ae   Section        2  rtexit.o(.ARM.Collect$$rtexit$$00000000)
    .ARM.Collect$$rtexit$$00000002           0x080001b0   Section        0  rtexit2.o(.ARM.Collect$$rtexit$$00000002)
    .ARM.Collect$$rtexit$$00000003           0x080001b0   Section        4  rtexit2.o(.ARM.Collect$$rtexit$$00000003)
    .ARM.Collect$$rtexit$$00000004           0x080001b4   Section        6  rtexit2.o(.ARM.Collect$$rtexit$$00000004)
    .emb_text                                0x080001bc   Section        6  sys.o(.emb_text)
    .text                                    0x080001c4   Section       64  startup_stm32f10x_md_vl.o(.text)
    .text                                    0x08000204   Section        2  use_no_semi_2.o(.text)
    .text                                    0x08000208   Section      128  strcmpv7m.o(.text)
    .text                                    0x08000288   Section        0  heapauxi.o(.text)
    .text                                    0x0800028e   Section        2  use_no_semi.o(.text)
    .text                                    0x08000290   Section       74  sys_stackheap_outer.o(.text)
    .text                                    0x080002da   Section        0  exit.o(.text)
    .text                                    0x080002ec   Section        8  libspace.o(.text)
    i.BusFault_Handler                       0x080002f4   Section        0  stm32f10x_it.o(i.BusFault_Handler)
    i.DebugMon_Handler                       0x080002f8   Section        0  stm32f10x_it.o(i.DebugMon_Handler)
    i.EXTI0_IRQHandler                       0x080002fa   Section        0  exti.o(i.EXTI0_IRQHandler)
    i.EXTI_ClearITPendingBit                 0x08000310   Section        0  stm32f10x_exti.o(i.EXTI_ClearITPendingBit)
    i.EXTI_GetITStatus                       0x0800031c   Section        0  stm32f10x_exti.o(i.EXTI_GetITStatus)
    i.EXTI_Init                              0x08000344   Section        0  stm32f10x_exti.o(i.EXTI_Init)
    i.FLASH_ErasePage                        0x080003d8   Section        0  stm32f10x_flash.o(i.FLASH_ErasePage)
    i.FLASH_GetBank1Status                   0x08000424   Section        0  stm32f10x_flash.o(i.FLASH_GetBank1Status)
    i.FLASH_Lock                             0x08000458   Section        0  stm32f10x_flash.o(i.FLASH_Lock)
    i.FLASH_ProgramHalfWord                  0x0800046c   Section        0  stm32f10x_flash.o(i.FLASH_ProgramHalfWord)
    i.FLASH_Unlock                           0x080004ac   Section        0  stm32f10x_flash.o(i.FLASH_Unlock)
    i.FLASH_WaitForLastOperation             0x080004c4   Section        0  stm32f10x_flash.o(i.FLASH_WaitForLastOperation)
    i.GPIO_EXTILineConfig                    0x080004ec   Section        0  stm32f10x_gpio.o(i.GPIO_EXTILineConfig)
    i.GPIO_Init                              0x0800052c   Section        0  stm32f10x_gpio.o(i.GPIO_Init)
    i.GPIO_PinRemapConfig                    0x08000644   Section        0  stm32f10x_gpio.o(i.GPIO_PinRemapConfig)
    i.GPIO_ReadInputDataBit                  0x080006d4   Section        0  stm32f10x_gpio.o(i.GPIO_ReadInputDataBit)
    i.GPIO_ResetBits                         0x080006e6   Section        0  stm32f10x_gpio.o(i.GPIO_ResetBits)
    i.GPIO_SetBits                           0x080006ea   Section        0  stm32f10x_gpio.o(i.GPIO_SetBits)
    i.HardFault_Handler                      0x080006ee   Section        0  stm32f10x_it.o(i.HardFault_Handler)
    i.MemManage_Handler                      0x080006f2   Section        0  stm32f10x_it.o(i.MemManage_Handler)
    i.NMI_Handler                            0x080006f6   Section        0  stm32f10x_it.o(i.NMI_Handler)
    i.NVIC_Init                              0x080006f8   Section        0  misc.o(i.NVIC_Init)
    i.NVIC_PriorityGroupConfig               0x08000768   Section        0  misc.o(i.NVIC_PriorityGroupConfig)
    i.PendSV_Handler                         0x0800077c   Section        0  stm32f10x_it.o(i.PendSV_Handler)
    i.RCC_APB1PeriphClockCmd                 0x08000780   Section        0  stm32f10x_rcc.o(i.RCC_APB1PeriphClockCmd)
    i.RCC_APB1PeriphResetCmd                 0x080007a0   Section        0  stm32f10x_rcc.o(i.RCC_APB1PeriphResetCmd)
    i.RCC_APB2PeriphClockCmd                 0x080007c0   Section        0  stm32f10x_rcc.o(i.RCC_APB2PeriphClockCmd)
    i.RCC_APB2PeriphResetCmd                 0x080007e0   Section        0  stm32f10x_rcc.o(i.RCC_APB2PeriphResetCmd)
    i.RCC_GetClocksFreq                      0x08000800   Section        0  stm32f10x_rcc.o(i.RCC_GetClocksFreq)
    i.SPI_Cmd                                0x080008d8   Section        0  stm32f10x_spi.o(i.SPI_Cmd)
    i.SPI_I2S_GetFlagStatus                  0x080008f0   Section        0  stm32f10x_spi.o(i.SPI_I2S_GetFlagStatus)
    i.SPI_I2S_ReceiveData                    0x08000902   Section        0  stm32f10x_spi.o(i.SPI_I2S_ReceiveData)
    i.SPI_I2S_SendData                       0x08000908   Section        0  stm32f10x_spi.o(i.SPI_I2S_SendData)
    i.SPI_Init                               0x0800090c   Section        0  stm32f10x_spi.o(i.SPI_Init)
    i.STMFLASH_Read                          0x08000948   Section        0  stmflash.o(i.STMFLASH_Read)
    i.STMFLASH_ReadHalfWord                  0x0800096a   Section        0  stmflash.o(i.STMFLASH_ReadHalfWord)
    i.STMFLASH_Write                         0x08000970   Section        0  stmflash.o(i.STMFLASH_Write)
    i.STMFLASH_Write_NoCheck                 0x08000a58   Section        0  stmflash.o(i.STMFLASH_Write_NoCheck)
    i.SVC_Handler                            0x08000a7e   Section        0  stm32f10x_it.o(i.SVC_Handler)
    i.SetSysClock                            0x08000a80   Section        0  system_stm32f10x.o(i.SetSysClock)
    SetSysClock                              0x08000a81   Thumb Code     8  system_stm32f10x.o(i.SetSysClock)
    i.SetSysClockTo24                        0x08000a88   Section        0  system_stm32f10x.o(i.SetSysClockTo24)
    SetSysClockTo24                          0x08000a89   Thumb Code   178  system_stm32f10x.o(i.SetSysClockTo24)
    i.SysTick_CLKSourceConfig                0x08000b40   Section        0  misc.o(i.SysTick_CLKSourceConfig)
    i.SysTick_Handler                        0x08000b68   Section        0  stm32f10x_it.o(i.SysTick_Handler)
    i.SystemInit                             0x08000b6c   Section        0  system_stm32f10x.o(i.SystemInit)
    i.USART1_IRQHandler                      0x08000bd0   Section        0  usart.o(i.USART1_IRQHandler)
    i.USART2_IRQHandler                      0x08000c04   Section        0  usart.o(i.USART2_IRQHandler)
    i.USART3_IRQHandler                      0x08000c38   Section        0  usart.o(i.USART3_IRQHandler)
    i.USART_Cmd                              0x08000cc4   Section        0  stm32f10x_usart.o(i.USART_Cmd)
    i.USART_DeInit                           0x08000cdc   Section        0  stm32f10x_usart.o(i.USART_DeInit)
    i.USART_GetITStatus                      0x08000d78   Section        0  stm32f10x_usart.o(i.USART_GetITStatus)
    i.USART_ITConfig                         0x08000dcc   Section        0  stm32f10x_usart.o(i.USART_ITConfig)
    i.USART_Init                             0x08000e18   Section        0  stm32f10x_usart.o(i.USART_Init)
    i.USART_ReceiveData                      0x08000ef0   Section        0  stm32f10x_usart.o(i.USART_ReceiveData)
    i.UsageFault_Handler                     0x08000efa   Section        0  stm32f10x_it.o(i.UsageFault_Handler)
    i._sys_exit                              0x08000efe   Section        0  usart.o(i._sys_exit)
    i.check_fs                               0x08000f04   Section        0  ff.o(i.check_fs)
    check_fs                                 0x08000f05   Thumb Code   140  ff.o(i.check_fs)
    i.chk_chr                                0x08000f94   Section        0  ff.o(i.chk_chr)
    chk_chr                                  0x08000f95   Thumb Code    20  ff.o(i.chk_chr)
    i.clmt_clust                             0x08000fa8   Section        0  ff.o(i.clmt_clust)
    clmt_clust                               0x08000fa9   Thumb Code    50  ff.o(i.clmt_clust)
    i.clust2sect                             0x08000fda   Section        0  ff.o(i.clust2sect)
    i.create_chain                           0x08000ff4   Section        0  ff.o(i.create_chain)
    create_chain                             0x08000ff5   Thumb Code   214  ff.o(i.create_chain)
    i.create_name                            0x080010cc   Section        0  ff.o(i.create_name)
    create_name                              0x080010cd   Thumb Code   328  ff.o(i.create_name)
    i.delay_init                             0x08001224   Section        0  delay.o(i.delay_init)
    i.dir_alloc                              0x08001268   Section        0  ff.o(i.dir_alloc)
    dir_alloc                                0x08001269   Thumb Code    92  ff.o(i.dir_alloc)
    i.dir_find                               0x080012c4   Section        0  ff.o(i.dir_find)
    dir_find                                 0x080012c5   Thumb Code    92  ff.o(i.dir_find)
    i.dir_next                               0x08001320   Section        0  ff.o(i.dir_next)
    dir_next                                 0x08001321   Thumb Code   272  ff.o(i.dir_next)
    i.dir_read                               0x08001430   Section        0  ff.o(i.dir_read)
    dir_read                                 0x08001431   Thumb Code   114  ff.o(i.dir_read)
    i.dir_register                           0x080014a2   Section        0  ff.o(i.dir_register)
    dir_register                             0x080014a3   Thumb Code    58  ff.o(i.dir_register)
    i.dir_remove                             0x080014dc   Section        0  ff.o(i.dir_remove)
    dir_remove                               0x080014dd   Thumb Code    54  ff.o(i.dir_remove)
    i.dir_sdi                                0x08001512   Section        0  ff.o(i.dir_sdi)
    dir_sdi                                  0x08001513   Thumb Code   158  ff.o(i.dir_sdi)
    i.disk_initialize                        0x080015b0   Section        0  diskio.o(i.disk_initialize)
    i.disk_ioctl                             0x080015de   Section        0  diskio.o(i.disk_ioctl)
    i.disk_read                              0x0800162a   Section        0  diskio.o(i.disk_read)
    i.disk_status                            0x0800166e   Section        0  diskio.o(i.disk_status)
    i.disk_write                             0x08001674   Section        0  diskio.o(i.disk_write)
    i.exti0_init                             0x0800169c   Section        0  exti.o(i.exti0_init)
    i.f_close                                0x080016e4   Section        0  ff.o(i.f_close)
    i.f_mount                                0x08001704   Section        0  ff.o(i.f_mount)
    i.f_open                                 0x08001760   Section        0  ff.o(i.f_open)
    i.f_opendir                              0x080018c8   Section        0  ff.o(i.f_opendir)
    i.f_read                                 0x08001936   Section        0  ff.o(i.f_read)
    i.f_readdir                              0x08001ae6   Section        0  ff.o(i.f_readdir)
    i.f_sync                                 0x08001b40   Section        0  ff.o(i.f_sync)
    i.f_unlink                               0x08001bf0   Section        0  ff.o(i.f_unlink)
    i.find_volume                            0x08001c9c   Section        0  ff.o(i.find_volume)
    find_volume                              0x08001c9d   Thumb Code   886  ff.o(i.find_volume)
    i.follow_path                            0x08002024   Section        0  ff.o(i.follow_path)
    follow_path                              0x08002025   Thumb Code   144  ff.o(i.follow_path)
    i.get_fat                                0x080020b4   Section        0  ff.o(i.get_fat)
    i.get_fileinfo                           0x080021a6   Section        0  ff.o(i.get_fileinfo)
    get_fileinfo                             0x080021a7   Thumb Code   112  ff.o(i.get_fileinfo)
    i.get_ldnumber                           0x08002216   Section        0  ff.o(i.get_ldnumber)
    get_ldnumber                             0x08002217   Thumb Code    72  ff.o(i.get_ldnumber)
    i.iap_load_app                           0x08002260   Section        0  iap.o(i.iap_load_app)
    i.iap_write_appbin                       0x0800228c   Section        0  iap.o(i.iap_write_appbin)
    i.is_updata_program                      0x080022f4   Section        0  main.o(i.is_updata_program)
    i.key_init                               0x08002364   Section        0  key.o(i.key_init)
    i.key_off                                0x08002370   Section        0  key.o(i.key_off)
    i.key_on                                 0x08002380   Section        0  key.o(i.key_on)
    i.ld_clust                               0x080023a4   Section        0  ff.o(i.ld_clust)
    ld_clust                                 0x080023a5   Thumb Code    32  ff.o(i.ld_clust)
    i.led1_init                              0x080023c4   Section        0  led.o(i.led1_init)
    led1_init                                0x080023c5   Thumb Code    38  led.o(i.led1_init)
    i.led234_init                            0x080023f0   Section        0  led.o(i.led234_init)
    led234_init                              0x080023f1   Thumb Code    96  led.o(i.led234_init)
    i.led5_init                              0x08002454   Section        0  led.o(i.led5_init)
    led5_init                                0x08002455   Thumb Code    38  led.o(i.led5_init)
    i.led_init                               0x08002480   Section        0  led.o(i.led_init)
    i.main                                   0x08002490   Section        0  main.o(i.main)
    i.mem_cmp                                0x0800254c   Section        0  ff.o(i.mem_cmp)
    mem_cmp                                  0x0800254d   Thumb Code    38  ff.o(i.mem_cmp)
    i.mem_cpy                                0x08002572   Section        0  ff.o(i.mem_cpy)
    mem_cpy                                  0x08002573   Thumb Code    26  ff.o(i.mem_cpy)
    i.mem_set                                0x0800258c   Section        0  ff.o(i.mem_set)
    mem_set                                  0x0800258d   Thumb Code    20  ff.o(i.mem_set)
    i.move_window                            0x080025a0   Section        0  ff.o(i.move_window)
    move_window                              0x080025a1   Thumb Code    52  ff.o(i.move_window)
    i.pa0_init                               0x080025d4   Section        0  key.o(i.pa0_init)
    pa0_init                                 0x080025d5   Thumb Code    38  key.o(i.pa0_init)
    i.pb6_init                               0x08002600   Section        0  key.o(i.pb6_init)
    pb6_init                                 0x08002601   Thumb Code    38  key.o(i.pb6_init)
    i.put_fat                                0x0800262c   Section        0  ff.o(i.put_fat)
    i.remove_chain                           0x0800276e   Section        0  ff.o(i.remove_chain)
    remove_chain                             0x0800276f   Thumb Code   108  ff.o(i.remove_chain)
    i.sd_getCSD                              0x080027da   Section        0  sd.o(i.sd_getCSD)
    i.sd_getResponse                         0x08002802   Section        0  sd.o(i.sd_getResponse)
    i.sd_getSector                           0x08002828   Section        0  sd.o(i.sd_getSector)
    i.sd_init                                0x080028ac   Section        0  sd.o(i.sd_init)
    i.sd_read                                0x08002a40   Section        0  sd.o(i.sd_read)
    i.sd_readWrite                           0x08002ab0   Section        0  sd.o(i.sd_readWrite)
    i.sd_recvData                            0x08002abc   Section        0  sd.o(i.sd_recvData)
    i.sd_sendBlock                           0x08002af4   Section        0  sd.o(i.sd_sendBlock)
    i.sd_sendCmd                             0x08002b4a   Section        0  sd.o(i.sd_sendCmd)
    i.sd_speedHigh                           0x08002bc0   Section        0  sd.o(i.sd_speedHigh)
    i.sd_speedLow                            0x08002bca   Section        0  sd.o(i.sd_speedLow)
    i.sd_waitReady                           0x08002bd4   Section        0  sd.o(i.sd_waitReady)
    i.sd_write                               0x08002bf4   Section        0  sd.o(i.sd_write)
    i.spi1_init                              0x08002c80   Section        0  spi.o(i.spi1_init)
    i.spi1_readWriteByte                     0x08002d74   Section        0  spi.o(i.spi1_readWriteByte)
    i.spi1_setSpeed                          0x08002dc8   Section        0  spi.o(i.spi1_setSpeed)
    i.st_clust                               0x08002dec   Section        0  ff.o(i.st_clust)
    st_clust                                 0x08002ded   Thumb Code    16  ff.o(i.st_clust)
    i.sync_fs                                0x08002dfc   Section        0  ff.o(i.sync_fs)
    sync_fs                                  0x08002dfd   Thumb Code   200  ff.o(i.sync_fs)
    i.sync_window                            0x08002ec4   Section        0  ff.o(i.sync_window)
    sync_window                              0x08002ec5   Thumb Code    82  ff.o(i.sync_window)
    i.uart3_init                             0x08002f18   Section        0  usart.o(i.uart3_init)
    i.validate                               0x08002fb8   Section        0  ff.o(i.validate)
    validate                                 0x08002fb9   Thumb Code    54  ff.o(i.validate)
    .data                                    0x20000000   Section       20  system_stm32f10x.o(.data)
    .data                                    0x20000014   Section        4  delay.o(.data)
    fac_us                                   0x20000014   Data           1  delay.o(.data)
    fac_ms                                   0x20000016   Data           2  delay.o(.data)
    .data                                    0x20000018   Section       36  usart.o(.data)
    .data                                    0x2000003c   Section        4  iap.o(.data)
    .data                                    0x20000040   Section       20  stm32f10x_rcc.o(.data)
    APBAHBPrescTable                         0x20000040   Data          16  stm32f10x_rcc.o(.data)
    ADCPrescTable                            0x20000050   Data           4  stm32f10x_rcc.o(.data)
    .data                                    0x20000054   Section        6  ff.o(.data)
    FatFs                                    0x20000054   Data           4  ff.o(.data)
    Fsid                                     0x20000058   Data           2  ff.o(.data)
    .data                                    0x2000005a   Section        1  sd.o(.data)
    .bss                                     0x2000005c   Section     1024  main.o(.bss)
    .bss                                     0x2000045c   Section     2307  usart.o(.bss)
    .bss                                     0x20000d60   Section     2048  iap.o(.bss)
    .bss                                     0x20001560   Section     1024  stmflash.o(.bss)
    .bss                                     0x20001960   Section       18  spi.o(.bss)
    .bss                                     0x20001974   Section       96  libspace.o(.bss)
    HEAP                                     0x200019d8   Section      512  startup_stm32f10x_md_vl.o(HEAP)
    Heap_Mem                                 0x200019d8   Data         512  startup_stm32f10x_md_vl.o(HEAP)
    STACK                                    0x20001bd8   Section     1024  startup_stm32f10x_md_vl.o(STACK)
    Stack_Mem                                0x20001bd8   Data        1024  startup_stm32f10x_md_vl.o(STACK)
    __initial_sp                             0x20001fd8   Data           0  startup_stm32f10x_md_vl.o(STACK)

    Global Symbols

    Symbol Name                              Value     Ov Type        Size  Object(Section)

    BuildAttributes$$THM_ISAv4$P$D$K$B$S$PE$A:L22UL41UL21$X:L11$S22US41US21$IEEE1$IW$USESV6$~STKCKD$USESV7$~SHL$OTIME$ROPI$IEEEJ$EBA8$UX$STANDARDLIB$REQ8$PRES8$EABIv2 0x00000000   Number         0  anon$$obj.o ABSOLUTE
    __ARM_use_no_argv                        0x00000000   Number         0  main.o ABSOLUTE
    _printf_flags                            0x00000000   Number         0  printf_stubs.o ABSOLUTE
    _printf_return_value                     0x00000000   Number         0  printf_stubs.o ABSOLUTE
    _printf_sizespec                         0x00000000   Number         0  printf_stubs.o ABSOLUTE
    _printf_widthprec                        0x00000000   Number         0  printf_stubs.o ABSOLUTE
    __ARM_exceptions_init                     - Undefined Weak Reference
    __alloca_initialize                       - Undefined Weak Reference
    __arm_preinit_                            - Undefined Weak Reference
    __cpp_initialize__aeabi_                  - Undefined Weak Reference
    __cxa_finalize                            - Undefined Weak Reference
    __sigvec_lookup                           - Undefined Weak Reference
    _atexit_init                              - Undefined Weak Reference
    _call_atexit_fns                          - Undefined Weak Reference
    _clock_init                               - Undefined Weak Reference
    _fp_trap_init                             - Undefined Weak Reference
    _fp_trap_shutdown                         - Undefined Weak Reference
    _get_lc_collate                           - Undefined Weak Reference
    _get_lc_monetary                          - Undefined Weak Reference
    _get_lc_time                              - Undefined Weak Reference
    _getenv_init                              - Undefined Weak Reference
    _handle_redirection                       - Undefined Weak Reference
    _init_alloc                               - Undefined Weak Reference
    _init_user_alloc                          - Undefined Weak Reference
    _initio                                   - Undefined Weak Reference
    _printf_fp_hex                            - Undefined Weak Reference
    _printf_mbtowc                            - Undefined Weak Reference
    _printf_wc                                - Undefined Weak Reference
    _rand_init                                - Undefined Weak Reference
    _signal_finish                            - Undefined Weak Reference
    _signal_init                              - Undefined Weak Reference
    _terminate_alloc                          - Undefined Weak Reference
    _terminate_user_alloc                     - Undefined Weak Reference
    _terminateio                              - Undefined Weak Reference
    __Vectors_Size                           0x00000120   Number         0  startup_stm32f10x_md_vl.o ABSOLUTE
    __Vectors                                0x08000000   Data           4  startup_stm32f10x_md_vl.o(RESET)
    __Vectors_End                            0x08000120   Data           0  startup_stm32f10x_md_vl.o(RESET)
    __main                                   0x08000121   Thumb Code     8  __main.o(!!!main)
    __scatterload                            0x08000129   Thumb Code     0  __scatter.o(!!!scatter)
    __scatterload_rt2                        0x08000129   Thumb Code    44  __scatter.o(!!!scatter)
    __scatterload_rt2_thumb_only             0x08000129   Thumb Code     0  __scatter.o(!!!scatter)
    __scatterload_null                       0x08000137   Thumb Code     0  __scatter.o(!!!scatter)
    __scatterload_copy                       0x0800015d   Thumb Code    26  __scatter_copy.o(!!handler_copy)
    __scatterload_zeroinit                   0x08000179   Thumb Code    28  __scatter_zi.o(!!handler_zi)
    __rt_lib_init                            0x08000195   Thumb Code     0  libinit.o(.ARM.Collect$$libinit$$00000000)
    __rt_lib_init_alloca_1                   0x08000197   Thumb Code     0  libinit2.o(.ARM.Collect$$libinit$$0000002E)
    __rt_lib_init_argv_1                     0x08000197   Thumb Code     0  libinit2.o(.ARM.Collect$$libinit$$0000002C)
    __rt_lib_init_atexit_1                   0x08000197   Thumb Code     0  libinit2.o(.ARM.Collect$$libinit$$0000001B)
    __rt_lib_init_clock_1                    0x08000197   Thumb Code     0  libinit2.o(.ARM.Collect$$libinit$$00000021)
    __rt_lib_init_cpp_1                      0x08000197   Thumb Code     0  libinit2.o(.ARM.Collect$$libinit$$00000032)
    __rt_lib_init_exceptions_1               0x08000197   Thumb Code     0  libinit2.o(.ARM.Collect$$libinit$$00000030)
    __rt_lib_init_fp_1                       0x08000197   Thumb Code     0  libinit2.o(.ARM.Collect$$libinit$$00000002)
    __rt_lib_init_fp_trap_1                  0x08000197   Thumb Code     0  libinit2.o(.ARM.Collect$$libinit$$0000001F)
    __rt_lib_init_getenv_1                   0x08000197   Thumb Code     0  libinit2.o(.ARM.Collect$$libinit$$00000023)
    __rt_lib_init_heap_1                     0x08000197   Thumb Code     0  libinit2.o(.ARM.Collect$$libinit$$0000000A)
    __rt_lib_init_lc_collate_1               0x08000197   Thumb Code     0  libinit2.o(.ARM.Collect$$libinit$$00000011)
    __rt_lib_init_lc_ctype_1                 0x08000197   Thumb Code     0  libinit2.o(.ARM.Collect$$libinit$$00000013)
    __rt_lib_init_lc_monetary_1              0x08000197   Thumb Code     0  libinit2.o(.ARM.Collect$$libinit$$00000015)
    __rt_lib_init_lc_numeric_1               0x08000197   Thumb Code     0  libinit2.o(.ARM.Collect$$libinit$$00000017)
    __rt_lib_init_lc_time_1                  0x08000197   Thumb Code     0  libinit2.o(.ARM.Collect$$libinit$$00000019)
    __rt_lib_init_preinit_1                  0x08000197   Thumb Code     0  libinit2.o(.ARM.Collect$$libinit$$00000004)
    __rt_lib_init_rand_1                     0x08000197   Thumb Code     0  libinit2.o(.ARM.Collect$$libinit$$0000000E)
    __rt_lib_init_return                     0x08000197   Thumb Code     0  libinit2.o(.ARM.Collect$$libinit$$00000033)
    __rt_lib_init_signal_1                   0x08000197   Thumb Code     0  libinit2.o(.ARM.Collect$$libinit$$0000001D)
    __rt_lib_init_stdio_1                    0x08000197   Thumb Code     0  libinit2.o(.ARM.Collect$$libinit$$00000025)
    __rt_lib_init_user_alloc_1               0x08000197   Thumb Code     0  libinit2.o(.ARM.Collect$$libinit$$0000000C)
    __rt_lib_shutdown                        0x08000199   Thumb Code     0  libshutdown.o(.ARM.Collect$$libshutdown$$00000000)
    __rt_lib_shutdown_cpp_1                  0x0800019b   Thumb Code     0  libshutdown2.o(.ARM.Collect$$libshutdown$$00000002)
    __rt_lib_shutdown_fp_trap_1              0x0800019b   Thumb Code     0  libshutdown2.o(.ARM.Collect$$libshutdown$$00000007)
    __rt_lib_shutdown_heap_1                 0x0800019b   Thumb Code     0  libshutdown2.o(.ARM.Collect$$libshutdown$$0000000F)
    __rt_lib_shutdown_return                 0x0800019b   Thumb Code     0  libshutdown2.o(.ARM.Collect$$libshutdown$$00000010)
    __rt_lib_shutdown_signal_1               0x0800019b   Thumb Code     0  libshutdown2.o(.ARM.Collect$$libshutdown$$0000000A)
    __rt_lib_shutdown_stdio_1                0x0800019b   Thumb Code     0  libshutdown2.o(.ARM.Collect$$libshutdown$$00000004)
    __rt_lib_shutdown_user_alloc_1           0x0800019b   Thumb Code     0  libshutdown2.o(.ARM.Collect$$libshutdown$$0000000C)
    __rt_entry                               0x0800019d   Thumb Code     0  __rtentry.o(.ARM.Collect$$rtentry$$00000000)
    __rt_entry_presh_1                       0x0800019d   Thumb Code     0  __rtentry2.o(.ARM.Collect$$rtentry$$00000002)
    __rt_entry_sh                            0x0800019d   Thumb Code     0  __rtentry4.o(.ARM.Collect$$rtentry$$00000004)
    __rt_entry_li                            0x080001a3   Thumb Code     0  __rtentry2.o(.ARM.Collect$$rtentry$$0000000A)
    __rt_entry_postsh_1                      0x080001a3   Thumb Code     0  __rtentry2.o(.ARM.Collect$$rtentry$$00000009)
    __rt_entry_main                          0x080001a7   Thumb Code     0  __rtentry2.o(.ARM.Collect$$rtentry$$0000000D)
    __rt_entry_postli_1                      0x080001a7   Thumb Code     0  __rtentry2.o(.ARM.Collect$$rtentry$$0000000C)
    __rt_exit                                0x080001af   Thumb Code     0  rtexit.o(.ARM.Collect$$rtexit$$00000000)
    __rt_exit_ls                             0x080001b1   Thumb Code     0  rtexit2.o(.ARM.Collect$$rtexit$$00000003)
    __rt_exit_prels_1                        0x080001b1   Thumb Code     0  rtexit2.o(.ARM.Collect$$rtexit$$00000002)
    __rt_exit_exit                           0x080001b5   Thumb Code     0  rtexit2.o(.ARM.Collect$$rtexit$$00000004)
    MSR_MSP                                  0x080001bd   Thumb Code     6  sys.o(.emb_text)
    Reset_Handler                            0x080001c5   Thumb Code     8  startup_stm32f10x_md_vl.o(.text)
    ADC1_IRQHandler                          0x080001df   Thumb Code     0  startup_stm32f10x_md_vl.o(.text)
    CEC_IRQHandler                           0x080001df   Thumb Code     0  startup_stm32f10x_md_vl.o(.text)
    DMA1_Channel1_IRQHandler                 0x080001df   Thumb Code     0  startup_stm32f10x_md_vl.o(.text)
    DMA1_Channel2_IRQHandler                 0x080001df   Thumb Code     0  startup_stm32f10x_md_vl.o(.text)
    DMA1_Channel3_IRQHandler                 0x080001df   Thumb Code     0  startup_stm32f10x_md_vl.o(.text)
    DMA1_Channel4_IRQHandler                 0x080001df   Thumb Code     0  startup_stm32f10x_md_vl.o(.text)
    DMA1_Channel5_IRQHandler                 0x080001df   Thumb Code     0  startup_stm32f10x_md_vl.o(.text)
    DMA1_Channel6_IRQHandler                 0x080001df   Thumb Code     0  startup_stm32f10x_md_vl.o(.text)
    DMA1_Channel7_IRQHandler                 0x080001df   Thumb Code     0  startup_stm32f10x_md_vl.o(.text)
    EXTI15_10_IRQHandler                     0x080001df   Thumb Code     0  startup_stm32f10x_md_vl.o(.text)
    EXTI1_IRQHandler                         0x080001df   Thumb Code     0  startup_stm32f10x_md_vl.o(.text)
    EXTI2_IRQHandler                         0x080001df   Thumb Code     0  startup_stm32f10x_md_vl.o(.text)
    EXTI3_IRQHandler                         0x080001df   Thumb Code     0  startup_stm32f10x_md_vl.o(.text)
    EXTI4_IRQHandler                         0x080001df   Thumb Code     0  startup_stm32f10x_md_vl.o(.text)
    EXTI9_5_IRQHandler                       0x080001df   Thumb Code     0  startup_stm32f10x_md_vl.o(.text)
    FLASH_IRQHandler                         0x080001df   Thumb Code     0  startup_stm32f10x_md_vl.o(.text)
    I2C1_ER_IRQHandler                       0x080001df   Thumb Code     0  startup_stm32f10x_md_vl.o(.text)
    I2C1_EV_IRQHandler                       0x080001df   Thumb Code     0  startup_stm32f10x_md_vl.o(.text)
    I2C2_ER_IRQHandler                       0x080001df   Thumb Code     0  startup_stm32f10x_md_vl.o(.text)
    I2C2_EV_IRQHandler                       0x080001df   Thumb Code     0  startup_stm32f10x_md_vl.o(.text)
    PVD_IRQHandler                           0x080001df   Thumb Code     0  startup_stm32f10x_md_vl.o(.text)
    RCC_IRQHandler                           0x080001df   Thumb Code     0  startup_stm32f10x_md_vl.o(.text)
    RTCAlarm_IRQHandler                      0x080001df   Thumb Code     0  startup_stm32f10x_md_vl.o(.text)
    RTC_IRQHandler                           0x080001df   Thumb Code     0  startup_stm32f10x_md_vl.o(.text)
    SPI1_IRQHandler                          0x080001df   Thumb Code     0  startup_stm32f10x_md_vl.o(.text)
    SPI2_IRQHandler                          0x080001df   Thumb Code     0  startup_stm32f10x_md_vl.o(.text)
    TAMPER_IRQHandler                        0x080001df   Thumb Code     0  startup_stm32f10x_md_vl.o(.text)
    TIM1_BRK_TIM15_IRQHandler                0x080001df   Thumb Code     0  startup_stm32f10x_md_vl.o(.text)
    TIM1_CC_IRQHandler                       0x080001df   Thumb Code     0  startup_stm32f10x_md_vl.o(.text)
    TIM1_TRG_COM_TIM17_IRQHandler            0x080001df   Thumb Code     0  startup_stm32f10x_md_vl.o(.text)
    TIM1_UP_TIM16_IRQHandler                 0x080001df   Thumb Code     0  startup_stm32f10x_md_vl.o(.text)
    TIM2_IRQHandler                          0x080001df   Thumb Code     0  startup_stm32f10x_md_vl.o(.text)
    TIM3_IRQHandler                          0x080001df   Thumb Code     0  startup_stm32f10x_md_vl.o(.text)
    TIM4_IRQHandler                          0x080001df   Thumb Code     0  startup_stm32f10x_md_vl.o(.text)
    TIM6_DAC_IRQHandler                      0x080001df   Thumb Code     0  startup_stm32f10x_md_vl.o(.text)
    TIM7_IRQHandler                          0x080001df   Thumb Code     0  startup_stm32f10x_md_vl.o(.text)
    WWDG_IRQHandler                          0x080001df   Thumb Code     0  startup_stm32f10x_md_vl.o(.text)
    __user_initial_stackheap                 0x080001e1   Thumb Code     0  startup_stm32f10x_md_vl.o(.text)
    __use_no_semihosting                     0x08000205   Thumb Code     2  use_no_semi_2.o(.text)
    strcmp                                   0x08000209   Thumb Code   128  strcmpv7m.o(.text)
    __use_two_region_memory                  0x08000289   Thumb Code     2  heapauxi.o(.text)
    __rt_heap_escrow$2region                 0x0800028b   Thumb Code     2  heapauxi.o(.text)
    __rt_heap_expand$2region                 0x0800028d   Thumb Code     2  heapauxi.o(.text)
    __I$use$semihosting                      0x0800028f   Thumb Code     0  use_no_semi.o(.text)
    __use_no_semihosting_swi                 0x0800028f   Thumb Code     2  use_no_semi.o(.text)
    __user_setup_stackheap                   0x08000291   Thumb Code    74  sys_stackheap_outer.o(.text)
    exit                                     0x080002db   Thumb Code    18  exit.o(.text)
    __user_libspace                          0x080002ed   Thumb Code     8  libspace.o(.text)
    __user_perproc_libspace                  0x080002ed   Thumb Code     0  libspace.o(.text)
    __user_perthread_libspace                0x080002ed   Thumb Code     0  libspace.o(.text)
    BusFault_Handler                         0x080002f5   Thumb Code     4  stm32f10x_it.o(i.BusFault_Handler)
    DebugMon_Handler                         0x080002f9   Thumb Code     2  stm32f10x_it.o(i.DebugMon_Handler)
    EXTI0_IRQHandler                         0x080002fb   Thumb Code    22  exti.o(i.EXTI0_IRQHandler)
    EXTI_ClearITPendingBit                   0x08000311   Thumb Code     6  stm32f10x_exti.o(i.EXTI_ClearITPendingBit)
    EXTI_GetITStatus                         0x0800031d   Thumb Code    34  stm32f10x_exti.o(i.EXTI_GetITStatus)
    EXTI_Init                                0x08000345   Thumb Code   142  stm32f10x_exti.o(i.EXTI_Init)
    FLASH_ErasePage                          0x080003d9   Thumb Code    72  stm32f10x_flash.o(i.FLASH_ErasePage)
    FLASH_GetBank1Status                     0x08000425   Thumb Code    48  stm32f10x_flash.o(i.FLASH_GetBank1Status)
    FLASH_Lock                               0x08000459   Thumb Code    14  stm32f10x_flash.o(i.FLASH_Lock)
    FLASH_ProgramHalfWord                    0x0800046d   Thumb Code    60  stm32f10x_flash.o(i.FLASH_ProgramHalfWord)
    FLASH_Unlock                             0x080004ad   Thumb Code    12  stm32f10x_flash.o(i.FLASH_Unlock)
    FLASH_WaitForLastOperation               0x080004c5   Thumb Code    38  stm32f10x_flash.o(i.FLASH_WaitForLastOperation)
    GPIO_EXTILineConfig                      0x080004ed   Thumb Code    60  stm32f10x_gpio.o(i.GPIO_EXTILineConfig)
    GPIO_Init                                0x0800052d   Thumb Code   278  stm32f10x_gpio.o(i.GPIO_Init)
    GPIO_PinRemapConfig                      0x08000645   Thumb Code   138  stm32f10x_gpio.o(i.GPIO_PinRemapConfig)
    GPIO_ReadInputDataBit                    0x080006d5   Thumb Code    18  stm32f10x_gpio.o(i.GPIO_ReadInputDataBit)
    GPIO_ResetBits                           0x080006e7   Thumb Code     4  stm32f10x_gpio.o(i.GPIO_ResetBits)
    GPIO_SetBits                             0x080006eb   Thumb Code     4  stm32f10x_gpio.o(i.GPIO_SetBits)
    HardFault_Handler                        0x080006ef   Thumb Code     4  stm32f10x_it.o(i.HardFault_Handler)
    MemManage_Handler                        0x080006f3   Thumb Code     4  stm32f10x_it.o(i.MemManage_Handler)
    NMI_Handler                              0x080006f7   Thumb Code     2  stm32f10x_it.o(i.NMI_Handler)
    NVIC_Init                                0x080006f9   Thumb Code   100  misc.o(i.NVIC_Init)
    NVIC_PriorityGroupConfig                 0x08000769   Thumb Code    10  misc.o(i.NVIC_PriorityGroupConfig)
    PendSV_Handler                           0x0800077d   Thumb Code     2  stm32f10x_it.o(i.PendSV_Handler)
    RCC_APB1PeriphClockCmd                   0x08000781   Thumb Code    26  stm32f10x_rcc.o(i.RCC_APB1PeriphClockCmd)
    RCC_APB1PeriphResetCmd                   0x080007a1   Thumb Code    26  stm32f10x_rcc.o(i.RCC_APB1PeriphResetCmd)
    RCC_APB2PeriphClockCmd                   0x080007c1   Thumb Code    26  stm32f10x_rcc.o(i.RCC_APB2PeriphClockCmd)
    RCC_APB2PeriphResetCmd                   0x080007e1   Thumb Code    26  stm32f10x_rcc.o(i.RCC_APB2PeriphResetCmd)
    RCC_GetClocksFreq                        0x08000801   Thumb Code   190  stm32f10x_rcc.o(i.RCC_GetClocksFreq)
    SPI_Cmd                                  0x080008d9   Thumb Code    24  stm32f10x_spi.o(i.SPI_Cmd)
    SPI_I2S_GetFlagStatus                    0x080008f1   Thumb Code    18  stm32f10x_spi.o(i.SPI_I2S_GetFlagStatus)
    SPI_I2S_ReceiveData                      0x08000903   Thumb Code     6  stm32f10x_spi.o(i.SPI_I2S_ReceiveData)
    SPI_I2S_SendData                         0x08000909   Thumb Code     4  stm32f10x_spi.o(i.SPI_I2S_SendData)
    SPI_Init                                 0x0800090d   Thumb Code    60  stm32f10x_spi.o(i.SPI_Init)
    STMFLASH_Read                            0x08000949   Thumb Code    34  stmflash.o(i.STMFLASH_Read)
    STMFLASH_ReadHalfWord                    0x0800096b   Thumb Code     6  stmflash.o(i.STMFLASH_ReadHalfWord)
    STMFLASH_Write                           0x08000971   Thumb Code   222  stmflash.o(i.STMFLASH_Write)
    STMFLASH_Write_NoCheck                   0x08000a59   Thumb Code    38  stmflash.o(i.STMFLASH_Write_NoCheck)
    SVC_Handler                              0x08000a7f   Thumb Code     2  stm32f10x_it.o(i.SVC_Handler)
    SysTick_CLKSourceConfig                  0x08000b41   Thumb Code    40  misc.o(i.SysTick_CLKSourceConfig)
    SysTick_Handler                          0x08000b69   Thumb Code     2  stm32f10x_it.o(i.SysTick_Handler)
    SystemInit                               0x08000b6d   Thumb Code    82  system_stm32f10x.o(i.SystemInit)
    USART1_IRQHandler                        0x08000bd1   Thumb Code    40  usart.o(i.USART1_IRQHandler)
    USART2_IRQHandler                        0x08000c05   Thumb Code    40  usart.o(i.USART2_IRQHandler)
    USART3_IRQHandler                        0x08000c39   Thumb Code   122  usart.o(i.USART3_IRQHandler)
    USART_Cmd                                0x08000cc5   Thumb Code    24  stm32f10x_usart.o(i.USART_Cmd)
    USART_DeInit                             0x08000cdd   Thumb Code   134  stm32f10x_usart.o(i.USART_DeInit)
    USART_GetITStatus                        0x08000d79   Thumb Code    84  stm32f10x_usart.o(i.USART_GetITStatus)
    USART_ITConfig                           0x08000dcd   Thumb Code    74  stm32f10x_usart.o(i.USART_ITConfig)
    USART_Init                               0x08000e19   Thumb Code   210  stm32f10x_usart.o(i.USART_Init)
    USART_ReceiveData                        0x08000ef1   Thumb Code    10  stm32f10x_usart.o(i.USART_ReceiveData)
    UsageFault_Handler                       0x08000efb   Thumb Code     4  stm32f10x_it.o(i.UsageFault_Handler)
    _sys_exit                                0x08000eff   Thumb Code     6  usart.o(i._sys_exit)
    clust2sect                               0x08000fdb   Thumb Code    26  ff.o(i.clust2sect)
    delay_init                               0x08001225   Thumb Code    50  delay.o(i.delay_init)
    disk_initialize                          0x080015b1   Thumb Code    46  diskio.o(i.disk_initialize)
    disk_ioctl                               0x080015df   Thumb Code    76  diskio.o(i.disk_ioctl)
    disk_read                                0x0800162b   Thumb Code    68  diskio.o(i.disk_read)
    disk_status                              0x0800166f   Thumb Code     6  diskio.o(i.disk_status)
    disk_write                               0x08001675   Thumb Code    40  diskio.o(i.disk_write)
    exti0_init                               0x0800169d   Thumb Code    72  exti.o(i.exti0_init)
    f_close                                  0x080016e5   Thumb Code    32  ff.o(i.f_close)
    f_mount                                  0x08001705   Thumb Code    86  ff.o(i.f_mount)
    f_open                                   0x08001761   Thumb Code   354  ff.o(i.f_open)
    f_opendir                                0x080018c9   Thumb Code   110  ff.o(i.f_opendir)
    f_read                                   0x08001937   Thumb Code   432  ff.o(i.f_read)
    f_readdir                                0x08001ae7   Thumb Code    88  ff.o(i.f_readdir)
    f_sync                                   0x08001b41   Thumb Code   172  ff.o(i.f_sync)
    f_unlink                                 0x08001bf1   Thumb Code   170  ff.o(i.f_unlink)
    get_fat                                  0x080020b5   Thumb Code   242  ff.o(i.get_fat)
    iap_load_app                             0x08002261   Thumb Code    36  iap.o(i.iap_load_app)
    iap_write_appbin                         0x0800228d   Thumb Code    98  iap.o(i.iap_write_appbin)
    is_updata_program                        0x080022f5   Thumb Code    98  main.o(i.is_updata_program)
    key_init                                 0x08002365   Thumb Code    12  key.o(i.key_init)
    key_off                                  0x08002371   Thumb Code    12  key.o(i.key_off)
    key_on                                   0x08002381   Thumb Code    26  key.o(i.key_on)
    led_init                                 0x08002481   Thumb Code    16  led.o(i.led_init)
    main                                     0x08002491   Thumb Code   172  main.o(i.main)
    put_fat                                  0x0800262d   Thumb Code   322  ff.o(i.put_fat)
    sd_getCSD                                0x080027db   Thumb Code    40  sd.o(i.sd_getCSD)
    sd_getResponse                           0x08002803   Thumb Code    38  sd.o(i.sd_getResponse)
    sd_getSector                             0x08002829   Thumb Code   132  sd.o(i.sd_getSector)
    sd_init                                  0x080028ad   Thumb Code   394  sd.o(i.sd_init)
    sd_read                                  0x08002a41   Thumb Code   108  sd.o(i.sd_read)
    sd_readWrite                             0x08002ab1   Thumb Code    12  sd.o(i.sd_readWrite)
    sd_recvData                              0x08002abd   Thumb Code    56  sd.o(i.sd_recvData)
    sd_sendBlock                             0x08002af5   Thumb Code    86  sd.o(i.sd_sendBlock)
    sd_sendCmd                               0x08002b4b   Thumb Code   118  sd.o(i.sd_sendCmd)
    sd_speedHigh                             0x08002bc1   Thumb Code    10  sd.o(i.sd_speedHigh)
    sd_speedLow                              0x08002bcb   Thumb Code    10  sd.o(i.sd_speedLow)
    sd_waitReady                             0x08002bd5   Thumb Code    32  sd.o(i.sd_waitReady)
    sd_write                                 0x08002bf5   Thumb Code   136  sd.o(i.sd_write)
    spi1_init                                0x08002c81   Thumb Code   222  spi.o(i.spi1_init)
    spi1_readWriteByte                       0x08002d75   Thumb Code    78  spi.o(i.spi1_readWriteByte)
    spi1_setSpeed                            0x08002dc9   Thumb Code    26  spi.o(i.spi1_setSpeed)
    uart3_init                               0x08002f19   Thumb Code   152  usart.o(i.uart3_init)
    Region$$Table$$Base                      0x08002ff0   Number         0  anon$$obj.o(Region$$Table)
    Region$$Table$$Limit                     0x08003010   Number         0  anon$$obj.o(Region$$Table)
    SystemCoreClock                          0x20000000   Data           4  system_stm32f10x.o(.data)
    AHBPrescTable                            0x20000004   Data          16  system_stm32f10x.o(.data)
    __stdout                                 0x20000018   Data           4  usart.o(.data)
    RxCounter1                               0x2000001c   Data           1  usart.o(.data)
    TxCounter1                               0x2000001d   Data           1  usart.o(.data)
    RxCounter2                               0x2000001e   Data           1  usart.o(.data)
    flagBuf                                  0x2000001f   Data           8  usart.o(.data)
    RxCounter3                               0x20000028   Data           4  usart.o(.data)
    begin                                    0x2000002c   Data           4  usart.o(.data)
    end                                      0x20000030   Data           4  usart.o(.data)
    gpsDataFlag                              0x20000034   Data           4  usart.o(.data)
    i                                        0x20000038   Data           4  usart.o(.data)
    jump2app                                 0x2000003c   Data           4  iap.o(.data)
    sd_type                                  0x2000005a   Data           1  sd.o(.data)
    buf                                      0x2000005c   Data        1024  main.o(.bss)
    RxBuffer1                                0x2000045c   Data         256  usart.o(.bss)
    TxBuffer1                                0x2000055c   Data         256  usart.o(.bss)
    RxBuffer2                                0x2000065c   Data         256  usart.o(.bss)
    RxBuffer3                                0x2000075c   Data        1539  usart.o(.bss)
    iapbuf                                   0x20000d60   Data        2048  iap.o(.bss)
    STMFLASH_BUF                             0x20001560   Data        1024  stmflash.o(.bss)
    SPI_InitStructure                        0x20001960   Data          18  spi.o(.bss)
    __libspace_start                         0x20001974   Data          96  libspace.o(.bss)
    __temporary_stack_top$libspace           0x200019d4   Data           0  libspace.o(.bss)



==============================================================================

Memory Map of the image

  Image Entry point : 0x08000121

  Load Region LR_IROM1 (Base: 0x08000000, Size: 0x0000306c, Max: 0x00010000, ABSOLUTE)

    Execution Region ER_IROM1 (Base: 0x08000000, Size: 0x00003010, Max: 0x00010000, ABSOLUTE)

    Base Addr    Size         Type   Attr      Idx    E Section Name        Object

    0x08000000   0x00000120   Data   RO          260    RESET               startup_stm32f10x_md_vl.o
    0x08000120   0x00000008   Code   RO         4066  * !!!main             c_w.l(__main.o)
    0x08000128   0x00000034   Code   RO         4374    !!!scatter          c_w.l(__scatter.o)
    0x0800015c   0x0000001a   Code   RO         4376    !!handler_copy      c_w.l(__scatter_copy.o)
    0x08000176   0x00000002   PAD
    0x08000178   0x0000001c   Code   RO         4378    !!handler_zi        c_w.l(__scatter_zi.o)
    0x08000194   0x00000002   Code   RO         4240    .ARM.Collect$$libinit$$00000000  c_w.l(libinit.o)
    0x08000196   0x00000000   Code   RO         4255    .ARM.Collect$$libinit$$00000002  c_w.l(libinit2.o)
    0x08000196   0x00000000   Code   RO         4257    .ARM.Collect$$libinit$$00000004  c_w.l(libinit2.o)
    0x08000196   0x00000000   Code   RO         4260    .ARM.Collect$$libinit$$0000000A  c_w.l(libinit2.o)
    0x08000196   0x00000000   Code   RO         4262    .ARM.Collect$$libinit$$0000000C  c_w.l(libinit2.o)
    0x08000196   0x00000000   Code   RO         4264    .ARM.Collect$$libinit$$0000000E  c_w.l(libinit2.o)
    0x08000196   0x00000000   Code   RO         4267    .ARM.Collect$$libinit$$00000011  c_w.l(libinit2.o)
    0x08000196   0x00000000   Code   RO         4269    .ARM.Collect$$libinit$$00000013  c_w.l(libinit2.o)
    0x08000196   0x00000000   Code   RO         4271    .ARM.Collect$$libinit$$00000015  c_w.l(libinit2.o)
    0x08000196   0x00000000   Code   RO         4273    .ARM.Collect$$libinit$$00000017  c_w.l(libinit2.o)
    0x08000196   0x00000000   Code   RO         4275    .ARM.Collect$$libinit$$00000019  c_w.l(libinit2.o)
    0x08000196   0x00000000   Code   RO         4277    .ARM.Collect$$libinit$$0000001B  c_w.l(libinit2.o)
    0x08000196   0x00000000   Code   RO         4279    .ARM.Collect$$libinit$$0000001D  c_w.l(libinit2.o)
    0x08000196   0x00000000   Code   RO         4281    .ARM.Collect$$libinit$$0000001F  c_w.l(libinit2.o)
    0x08000196   0x00000000   Code   RO         4283    .ARM.Collect$$libinit$$00000021  c_w.l(libinit2.o)
    0x08000196   0x00000000   Code   RO         4285    .ARM.Collect$$libinit$$00000023  c_w.l(libinit2.o)
    0x08000196   0x00000000   Code   RO         4287    .ARM.Collect$$libinit$$00000025  c_w.l(libinit2.o)
    0x08000196   0x00000000   Code   RO         4291    .ARM.Collect$$libinit$$0000002C  c_w.l(libinit2.o)
    0x08000196   0x00000000   Code   RO         4293    .ARM.Collect$$libinit$$0000002E  c_w.l(libinit2.o)
    0x08000196   0x00000000   Code   RO         4295    .ARM.Collect$$libinit$$00000030  c_w.l(libinit2.o)
    0x08000196   0x00000000   Code   RO         4297    .ARM.Collect$$libinit$$00000032  c_w.l(libinit2.o)
    0x08000196   0x00000002   Code   RO         4298    .ARM.Collect$$libinit$$00000033  c_w.l(libinit2.o)
    0x08000198   0x00000002   Code   RO         4316    .ARM.Collect$$libshutdown$$00000000  c_w.l(libshutdown.o)
    0x0800019a   0x00000000   Code   RO         4326    .ARM.Collect$$libshutdown$$00000002  c_w.l(libshutdown2.o)
    0x0800019a   0x00000000   Code   RO         4328    .ARM.Collect$$libshutdown$$00000004  c_w.l(libshutdown2.o)
    0x0800019a   0x00000000   Code   RO         4331    .ARM.Collect$$libshutdown$$00000007  c_w.l(libshutdown2.o)
    0x0800019a   0x00000000   Code   RO         4334    .ARM.Collect$$libshutdown$$0000000A  c_w.l(libshutdown2.o)
    0x0800019a   0x00000000   Code   RO         4336    .ARM.Collect$$libshutdown$$0000000C  c_w.l(libshutdown2.o)
    0x0800019a   0x00000000   Code   RO         4339    .ARM.Collect$$libshutdown$$0000000F  c_w.l(libshutdown2.o)
    0x0800019a   0x00000002   Code   RO         4340    .ARM.Collect$$libshutdown$$00000010  c_w.l(libshutdown2.o)
    0x0800019c   0x00000000   Code   RO         4070    .ARM.Collect$$rtentry$$00000000  c_w.l(__rtentry.o)
    0x0800019c   0x00000000   Code   RO         4165    .ARM.Collect$$rtentry$$00000002  c_w.l(__rtentry2.o)
    0x0800019c   0x00000006   Code   RO         4177    .ARM.Collect$$rtentry$$00000004  c_w.l(__rtentry4.o)
    0x080001a2   0x00000000   Code   RO         4167    .ARM.Collect$$rtentry$$00000009  c_w.l(__rtentry2.o)
    0x080001a2   0x00000004   Code   RO         4168    .ARM.Collect$$rtentry$$0000000A  c_w.l(__rtentry2.o)
    0x080001a6   0x00000000   Code   RO         4170    .ARM.Collect$$rtentry$$0000000C  c_w.l(__rtentry2.o)
    0x080001a6   0x00000008   Code   RO         4171    .ARM.Collect$$rtentry$$0000000D  c_w.l(__rtentry2.o)
    0x080001ae   0x00000002   Code   RO         4249    .ARM.Collect$$rtexit$$00000000  c_w.l(rtexit.o)
    0x080001b0   0x00000000   Code   RO         4300    .ARM.Collect$$rtexit$$00000002  c_w.l(rtexit2.o)
    0x080001b0   0x00000004   Code   RO         4301    .ARM.Collect$$rtexit$$00000003  c_w.l(rtexit2.o)
    0x080001b4   0x00000006   Code   RO         4302    .ARM.Collect$$rtexit$$00000004  c_w.l(rtexit2.o)
    0x080001ba   0x00000002   PAD
    0x080001bc   0x00000006   Code   RO          291    .emb_text           sys.o
    0x080001c2   0x00000002   PAD
    0x080001c4   0x00000040   Code   RO          261    .text               startup_stm32f10x_md_vl.o
    0x08000204   0x00000002   Code   RO         4056    .text               c_w.l(use_no_semi_2.o)
    0x08000206   0x00000002   PAD
    0x08000208   0x00000080   Code   RO         4062    .text               c_w.l(strcmpv7m.o)
    0x08000288   0x00000006   Code   RO         4064    .text               c_w.l(heapauxi.o)
    0x0800028e   0x00000002   Code   RO         4068    .text               c_w.l(use_no_semi.o)
    0x08000290   0x0000004a   Code   RO         4194    .text               c_w.l(sys_stackheap_outer.o)
    0x080002da   0x00000012   Code   RO         4233    .text               c_w.l(exit.o)
    0x080002ec   0x00000008   Code   RO         4246    .text               c_w.l(libspace.o)
    0x080002f4   0x00000004   Code   RO          150    i.BusFault_Handler  stm32f10x_it.o
    0x080002f8   0x00000002   Code   RO          151    i.DebugMon_Handler  stm32f10x_it.o
    0x080002fa   0x00000016   Code   RO          517    i.EXTI0_IRQHandler  exti.o
    0x08000310   0x0000000c   Code   RO         1432    i.EXTI_ClearITPendingBit  stm32f10x_exti.o
    0x0800031c   0x00000028   Code   RO         1436    i.EXTI_GetITStatus  stm32f10x_exti.o
    0x08000344   0x00000094   Code   RO         1437    i.EXTI_Init         stm32f10x_exti.o
    0x080003d8   0x0000004c   Code   RO         1490    i.FLASH_ErasePage   stm32f10x_flash.o
    0x08000424   0x00000034   Code   RO         1491    i.FLASH_GetBank1Status  stm32f10x_flash.o
    0x08000458   0x00000014   Code   RO         1500    i.FLASH_Lock        stm32f10x_flash.o
    0x0800046c   0x00000040   Code   RO         1503    i.FLASH_ProgramHalfWord  stm32f10x_flash.o
    0x080004ac   0x00000018   Code   RO         1508    i.FLASH_Unlock      stm32f10x_flash.o
    0x080004c4   0x00000026   Code   RO         1512    i.FLASH_WaitForLastOperation  stm32f10x_flash.o
    0x080004ea   0x00000002   PAD
    0x080004ec   0x00000040   Code   RO         1782    i.GPIO_EXTILineConfig  stm32f10x_gpio.o
    0x0800052c   0x00000116   Code   RO         1785    i.GPIO_Init         stm32f10x_gpio.o
    0x08000642   0x00000002   PAD
    0x08000644   0x00000090   Code   RO         1787    i.GPIO_PinRemapConfig  stm32f10x_gpio.o
    0x080006d4   0x00000012   Code   RO         1789    i.GPIO_ReadInputDataBit  stm32f10x_gpio.o
    0x080006e6   0x00000004   Code   RO         1792    i.GPIO_ResetBits    stm32f10x_gpio.o
    0x080006ea   0x00000004   Code   RO         1793    i.GPIO_SetBits      stm32f10x_gpio.o
    0x080006ee   0x00000004   Code   RO          152    i.HardFault_Handler  stm32f10x_it.o
    0x080006f2   0x00000004   Code   RO          153    i.MemManage_Handler  stm32f10x_it.o
    0x080006f6   0x00000002   Code   RO          154    i.NMI_Handler       stm32f10x_it.o
    0x080006f8   0x00000070   Code   RO          604    i.NVIC_Init         misc.o
    0x08000768   0x00000014   Code   RO          605    i.NVIC_PriorityGroupConfig  misc.o
    0x0800077c   0x00000002   Code   RO          155    i.PendSV_Handler    stm32f10x_it.o
    0x0800077e   0x00000002   PAD
    0x08000780   0x00000020   Code   RO         2201    i.RCC_APB1PeriphClockCmd  stm32f10x_rcc.o
    0x080007a0   0x00000020   Code   RO         2202    i.RCC_APB1PeriphResetCmd  stm32f10x_rcc.o
    0x080007c0   0x00000020   Code   RO         2203    i.RCC_APB2PeriphClockCmd  stm32f10x_rcc.o
    0x080007e0   0x00000020   Code   RO         2204    i.RCC_APB2PeriphResetCmd  stm32f10x_rcc.o
    0x08000800   0x000000d8   Code   RO         2211    i.RCC_GetClocksFreq  stm32f10x_rcc.o
    0x080008d8   0x00000018   Code   RO         2686    i.SPI_Cmd           stm32f10x_spi.o
    0x080008f0   0x00000012   Code   RO         2694    i.SPI_I2S_GetFlagStatus  stm32f10x_spi.o
    0x08000902   0x00000006   Code   RO         2697    i.SPI_I2S_ReceiveData  stm32f10x_spi.o
    0x08000908   0x00000004   Code   RO         2698    i.SPI_I2S_SendData  stm32f10x_spi.o
    0x0800090c   0x0000003c   Code   RO         2699    i.SPI_Init          stm32f10x_spi.o
    0x08000948   0x00000022   Code   RO          535    i.STMFLASH_Read     stmflash.o
    0x0800096a   0x00000006   Code   RO          536    i.STMFLASH_ReadHalfWord  stmflash.o
    0x08000970   0x000000e8   Code   RO          537    i.STMFLASH_Write    stmflash.o
    0x08000a58   0x00000026   Code   RO          538    i.STMFLASH_Write_NoCheck  stmflash.o
    0x08000a7e   0x00000002   Code   RO          156    i.SVC_Handler       stm32f10x_it.o
    0x08000a80   0x00000008   Code   RO          213    i.SetSysClock       system_stm32f10x.o
    0x08000a88   0x000000b8   Code   RO          214    i.SetSysClockTo24   system_stm32f10x.o
    0x08000b40   0x00000028   Code   RO          608    i.SysTick_CLKSourceConfig  misc.o
    0x08000b68   0x00000002   Code   RO          157    i.SysTick_Handler   stm32f10x_it.o
    0x08000b6a   0x00000002   PAD
    0x08000b6c   0x00000064   Code   RO          216    i.SystemInit        system_stm32f10x.o
    0x08000bd0   0x00000034   Code   RO          321    i.USART1_IRQHandler  usart.o
    0x08000c04   0x00000034   Code   RO          322    i.USART2_IRQHandler  usart.o
    0x08000c38   0x0000008c   Code   RO          323    i.USART3_IRQHandler  usart.o
    0x08000cc4   0x00000018   Code   RO         3377    i.USART_Cmd         stm32f10x_usart.o
    0x08000cdc   0x0000009c   Code   RO         3379    i.USART_DeInit      stm32f10x_usart.o
    0x08000d78   0x00000054   Code   RO         3381    i.USART_GetITStatus  stm32f10x_usart.o
    0x08000dcc   0x0000004a   Code   RO         3383    i.USART_ITConfig    stm32f10x_usart.o
    0x08000e16   0x00000002   PAD
    0x08000e18   0x000000d8   Code   RO         3384    i.USART_Init        stm32f10x_usart.o
    0x08000ef0   0x0000000a   Code   RO         3391    i.USART_ReceiveData  stm32f10x_usart.o
    0x08000efa   0x00000004   Code   RO          158    i.UsageFault_Handler  stm32f10x_it.o
    0x08000efe   0x00000006   Code   RO          327    i._sys_exit         usart.o
    0x08000f04   0x00000090   Code   RO         3646    i.check_fs          ff.o
    0x08000f94   0x00000014   Code   RO         3647    i.chk_chr           ff.o
    0x08000fa8   0x00000032   Code   RO         3648    i.clmt_clust        ff.o
    0x08000fda   0x0000001a   Code   RO         3649    i.clust2sect        ff.o
    0x08000ff4   0x000000d6   Code   RO         3650    i.create_chain      ff.o
    0x080010ca   0x00000002   PAD
    0x080010cc   0x00000158   Code   RO         3651    i.create_name       ff.o
    0x08001224   0x00000044   Code   RO          265    i.delay_init        delay.o
    0x08001268   0x0000005c   Code   RO         3652    i.dir_alloc         ff.o
    0x080012c4   0x0000005c   Code   RO         3653    i.dir_find          ff.o
    0x08001320   0x00000110   Code   RO         3654    i.dir_next          ff.o
    0x08001430   0x00000072   Code   RO         3655    i.dir_read          ff.o
    0x080014a2   0x0000003a   Code   RO         3656    i.dir_register      ff.o
    0x080014dc   0x00000036   Code   RO         3657    i.dir_remove        ff.o
    0x08001512   0x0000009e   Code   RO         3658    i.dir_sdi           ff.o
    0x080015b0   0x0000002e   Code   RO         3607    i.disk_initialize   diskio.o
    0x080015de   0x0000004c   Code   RO         3608    i.disk_ioctl        diskio.o
    0x0800162a   0x00000044   Code   RO         3609    i.disk_read         diskio.o
    0x0800166e   0x00000006   Code   RO         3610    i.disk_status       diskio.o
    0x08001674   0x00000028   Code   RO         3611    i.disk_write        diskio.o
    0x0800169c   0x00000048   Code   RO          518    i.exti0_init        exti.o
    0x080016e4   0x00000020   Code   RO         3660    i.f_close           ff.o
    0x08001704   0x0000005c   Code   RO         3668    i.f_mount           ff.o
    0x08001760   0x00000168   Code   RO         3669    i.f_open            ff.o
    0x080018c8   0x0000006e   Code   RO         3670    i.f_opendir         ff.o
    0x08001936   0x000001b0   Code   RO         3674    i.f_read            ff.o
    0x08001ae6   0x00000058   Code   RO         3675    i.f_readdir         ff.o
    0x08001b3e   0x00000002   PAD
    0x08001b40   0x000000b0   Code   RO         3679    i.f_sync            ff.o
    0x08001bf0   0x000000aa   Code   RO         3681    i.f_unlink          ff.o
    0x08001c9a   0x00000002   PAD
    0x08001c9c   0x00000388   Code   RO         3684    i.find_volume       ff.o
    0x08002024   0x00000090   Code   RO         3685    i.follow_path       ff.o
    0x080020b4   0x000000f2   Code   RO         3686    i.get_fat           ff.o
    0x080021a6   0x00000070   Code   RO         3687    i.get_fileinfo      ff.o
    0x08002216   0x00000048   Code   RO         3688    i.get_ldnumber      ff.o
    0x0800225e   0x00000002   PAD
    0x08002260   0x0000002c   Code   RO          419    i.iap_load_app      iap.o
    0x0800228c   0x00000068   Code   RO          420    i.iap_write_appbin  iap.o
    0x080022f4   0x00000070   Code   RO            1    i.is_updata_program  main.o
    0x08002364   0x0000000c   Code   RO          483    i.key_init          key.o
    0x08002370   0x00000010   Code   RO          484    i.key_off           key.o
    0x08002380   0x00000024   Code   RO          485    i.key_on            key.o
    0x080023a4   0x00000020   Code   RO         3689    i.ld_clust          ff.o
    0x080023c4   0x0000002c   Code   RO          444    i.led1_init         led.o
    0x080023f0   0x00000064   Code   RO          445    i.led234_init       led.o
    0x08002454   0x0000002c   Code   RO          446    i.led5_init         led.o
    0x08002480   0x00000010   Code   RO          447    i.led_init          led.o
    0x08002490   0x000000bc   Code   RO            2    i.main              main.o
    0x0800254c   0x00000026   Code   RO         3690    i.mem_cmp           ff.o
    0x08002572   0x0000001a   Code   RO         3691    i.mem_cpy           ff.o
    0x0800258c   0x00000014   Code   RO         3692    i.mem_set           ff.o
    0x080025a0   0x00000034   Code   RO         3693    i.move_window       ff.o
    0x080025d4   0x0000002c   Code   RO          486    i.pa0_init          key.o
    0x08002600   0x0000002c   Code   RO          487    i.pb6_init          key.o
    0x0800262c   0x00000142   Code   RO         3694    i.put_fat           ff.o
    0x0800276e   0x0000006c   Code   RO         3696    i.remove_chain      ff.o
    0x080027da   0x00000028   Code   RO         3962    i.sd_getCSD         sd.o
    0x08002802   0x00000026   Code   RO         3963    i.sd_getResponse    sd.o
    0x08002828   0x00000084   Code   RO         3964    i.sd_getSector      sd.o
    0x080028ac   0x00000194   Code   RO         3965    i.sd_init           sd.o
    0x08002a40   0x00000070   Code   RO         3966    i.sd_read           sd.o
    0x08002ab0   0x0000000c   Code   RO         3967    i.sd_readWrite      sd.o
    0x08002abc   0x00000038   Code   RO         3968    i.sd_recvData       sd.o
    0x08002af4   0x00000056   Code   RO         3969    i.sd_sendBlock      sd.o
    0x08002b4a   0x00000076   Code   RO         3970    i.sd_sendCmd        sd.o
    0x08002bc0   0x0000000a   Code   RO         3971    i.sd_speedHigh      sd.o
    0x08002bca   0x0000000a   Code   RO         3972    i.sd_speedLow       sd.o
    0x08002bd4   0x00000020   Code   RO         3973    i.sd_waitReady      sd.o
    0x08002bf4   0x0000008c   Code   RO         3974    i.sd_write          sd.o
    0x08002c80   0x000000f4   Code   RO          574    i.spi1_init         spi.o
    0x08002d74   0x00000054   Code   RO          575    i.spi1_readWriteByte  spi.o
    0x08002dc8   0x00000024   Code   RO          576    i.spi1_setSpeed     spi.o
    0x08002dec   0x00000010   Code   RO         3697    i.st_clust          ff.o
    0x08002dfc   0x000000c8   Code   RO         3698    i.sync_fs           ff.o
    0x08002ec4   0x00000052   Code   RO         3699    i.sync_window       ff.o
    0x08002f16   0x00000002   PAD
    0x08002f18   0x000000a0   Code   RO          332    i.uart3_init        usart.o
    0x08002fb8   0x00000036   Code   RO         3700    i.validate          ff.o
    0x08002fee   0x00000002   PAD
    0x08002ff0   0x00000020   Data   RO         4372    Region$$Table       anon$$obj.o


    Execution Region RW_IRAM1 (Base: 0x20000000, Size: 0x00001fd8, Max: 0x00002000, ABSOLUTE)

    Base Addr    Size         Type   Attr      Idx    E Section Name        Object

    0x20000000   0x00000014   Data   RW          217    .data               system_stm32f10x.o
    0x20000014   0x00000004   Data   RW          268    .data               delay.o
    0x20000018   0x00000024   Data   RW          334    .data               usart.o
    0x2000003c   0x00000004   Data   RW          422    .data               iap.o
    0x20000040   0x00000014   Data   RW         2232    .data               stm32f10x_rcc.o
    0x20000054   0x00000006   Data   RW         3702    .data               ff.o
    0x2000005a   0x00000001   Data   RW         3975    .data               sd.o
    0x2000005b   0x00000001   PAD
    0x2000005c   0x00000400   Zero   RW            3    .bss                main.o
    0x2000045c   0x00000903   Zero   RW          333    .bss                usart.o
    0x20000d5f   0x00000001   PAD
    0x20000d60   0x00000800   Zero   RW          421    .bss                iap.o
    0x20001560   0x00000400   Zero   RW          540    .bss                stmflash.o
    0x20001960   0x00000012   Zero   RW          577    .bss                spi.o
    0x20001972   0x00000002   PAD
    0x20001974   0x00000060   Zero   RW         4247    .bss                c_w.l(libspace.o)
    0x200019d4   0x00000004   PAD
    0x200019d8   0x00000200   Zero   RW          259    HEAP                startup_stm32f10x_md_vl.o
    0x20001bd8   0x00000400   Zero   RW          258    STACK               startup_stm32f10x_md_vl.o


==============================================================================

Image component sizes


      Code (inc. data)   RO Data    RW Data    ZI Data      Debug   Object Name

         0          0          0          0          0         32   core_cm3.o
        68         18          0          4          0        597   delay.o
       236          0          0          0          0       4094   diskio.o
        94          0          0          0          0        920   exti.o
      5522         54          0          6          0      30291   ff.o
       148         14          0          4       2048       1828   iap.o
       152         26          0          0          0       2014   key.o
       204         16          0          0          0       1663   led.o
       300         30          0          0       1024     254201   main.o
       172         22          0          0          0       1841   misc.o
      1190         18          0          1          0       8102   sd.o
       364         38          0          0         18       1873   spi.o
        64         26        288          0       1536        776   startup_stm32f10x_md_vl.o
       200         18          0          0          0       1892   stm32f10x_exti.o
       274         30          0          0          0       3114   stm32f10x_flash.o
       512         10          0          0          0       4732   stm32f10x_gpio.o
        26          0          0          0          0       3574   stm32f10x_it.o
       344         50          0         20          0       5332   stm32f10x_rcc.o
       112          0          0          0          0       3514   stm32f10x_spi.o
       564         28          0          0          0       5225   stm32f10x_usart.o
       310         10          0          0       1024       3229   stmflash.o
         6          0          0          0          0        304   sys.o
       292         24          0         20          0       2005   system_stm32f10x.o
       410         50          0         36       2307       5315   usart.o

    ----------------------------------------------------------------------
     11588        482        320         92       7960     346468   Object Totals
         0          0         32          0          0          0   (incl. Generated)
        24          0          0          1          3          0   (incl. Padding)

    ----------------------------------------------------------------------

      Code (inc. data)   RO Data    RW Data    ZI Data      Debug   Library Member Name

         8          0          0          0          0         68   __main.o
         0          0          0          0          0          0   __rtentry.o
        12          0          0          0          0          0   __rtentry2.o
         6          0          0          0          0          0   __rtentry4.o
        52          8          0          0          0          0   __scatter.o
        26          0          0          0          0          0   __scatter_copy.o
        28          0          0          0          0          0   __scatter_zi.o
        18          0          0          0          0         80   exit.o
         6          0          0          0          0        152   heapauxi.o
         2          0          0          0          0          0   libinit.o
         2          0          0          0          0          0   libinit2.o
         2          0          0          0          0          0   libshutdown.o
         2          0          0          0          0          0   libshutdown2.o
         8          4          0          0         96         68   libspace.o
         2          0          0          0          0          0   rtexit.o
        10          0          0          0          0          0   rtexit2.o
       128          0          0          0          0         68   strcmpv7m.o
        74          0          0          0          0         80   sys_stackheap_outer.o
         2          0          0          0          0         68   use_no_semi.o
         2          0          0          0          0         68   use_no_semi_2.o

    ----------------------------------------------------------------------
       396         12          0          0        100        652   Library Totals
         6          0          0          0          4          0   (incl. Padding)

    ----------------------------------------------------------------------

      Code (inc. data)   RO Data    RW Data    ZI Data      Debug   Library Name

       390         12          0          0         96        652   c_w.l

    ----------------------------------------------------------------------
       396         12          0          0        100        652   Library Totals

    ----------------------------------------------------------------------

==============================================================================


      Code (inc. data)   RO Data    RW Data    ZI Data      Debug   

     11984        494        320         92       8060     340356   Grand Totals
     11984        494        320         92       8060     340356   ELF Image Totals
     11984        494        320         92          0          0   ROM Totals

==============================================================================

    Total RO  Size (Code + RO Data)                12304 (  12.02kB)
    Total RW  Size (RW Data + ZI Data)              8152 (   7.96kB)
    Total ROM Size (Code + RO Data + RW Data)      12396 (  12.11kB)

==============================================================================

